#
# There is insufficient memory for the Java Runtime Environment to continue.
# Native memory allocation (mmap) failed to map 2588672 bytes for G1 virtual space
# Possible reasons:
#   The system is out of physical RAM or swap space
#   The process is running with CompressedOops enabled, and the Java Heap may be blocking the growth of the native heap
# Possible solutions:
#   Reduce memory load on the system
#   Increase physical memory or swap space
#   Check if swap backing store is full
#   Decrease Java heap size (-Xmx/-Xms)
#   Decrease number of Java threads
#   Decrease Java thread stack sizes (-Xss)
#   Set larger code cache with -XX:ReservedCodeCacheSize=
#   JVM is running with Unscaled Compressed Oops mode in which the Java heap is
#     placed in the first 4GB address space. The Java Heap base address is the
#     maximum limit for the native heap growth. Please use -XX:HeapBaseMinAddress
#     to set the Java Heap base and to place the Java Heap above 4GB virtual address.
# This output file may be truncated or incomplete.
#
#  Out of Memory Error (os_windows.cpp:3548), pid=20792, tid=18912
#
# JRE version: Java(TM) SE Runtime Environment (17.0.11+7) (build 17.0.11+7-LTS-207)
# Java VM: Java HotSpot(TM) 64-Bit Server VM (17.0.11+7-LTS-207, mixed mode, sharing, tiered, compressed oops, compressed class ptrs, g1 gc, windows-amd64)
# No core dump will be written. Minidumps are not enabled by default on client versions of Windows
#

---------------  S U M M A R Y ------------

Command Line: -Xmx1g -XX:+IgnoreUnrecognizedVMOptions --add-opens=java.base/java.lang=ALL-UNNAMED --add-opens=java.base/java.lang.invoke=ALL-UNNAMED --add-opens=java.base/java.lang.reflect=ALL-UNNAMED --add-opens=java.base/java.io=ALL-UNNAMED --add-opens=java.base/java.net=ALL-UNNAMED --add-opens=java.base/java.nio=ALL-UNNAMED --add-opens=java.base/java.util=ALL-UNNAMED --add-opens=java.base/java.util.concurrent=ALL-UNNAMED --add-opens=java.base/java.util.concurrent.atomic=ALL-UNNAMED --add-opens=java.base/jdk.internal.ref=ALL-UNNAMED --add-opens=java.base/sun.nio.ch=ALL-UNNAMED --add-opens=java.base/sun.nio.cs=ALL-UNNAMED --add-opens=java.base/sun.security.action=ALL-UNNAMED --add-opens=java.base/sun.util.calendar=ALL-UNNAMED --add-opens=java.security.jgss/sun.security.krb5=ALL-UNNAMED -Djdk.reflect.useDirectMethodHandle=false org.apache.spark.deploy.SparkSubmit --conf spark.sql.extensions=io.delta.sql.DeltaSparkSessionExtension --conf spark.jars.packages=io.delta:delta-spark_2.12:3.2.1 --conf spark.sql.catalog.spark_catalog=org.apache.spark.sql.delta.catalog.DeltaCatalog --conf spark.app.name=NebulaWind-Orion pyspark-shell

Host: Intel(R) Core(TM) i3-4030U CPU @ 1.90GHz, 4 cores, 15G,  Windows 10 , 64 bit Build 19041 (10.0.19041.5915)
Time: Wed Sep 16 14:16:19 2026 India Standard Time elapsed time: 34.994429 seconds (0d 0h 0m 34s)

---------------  T H R E A D  ---------------

Current thread (0x000001df9c30b020):  VMThread "VM Thread" [stack: 0x0000008175300000,0x0000008175400000] [id=18912]

Stack: [0x0000008175300000,0x0000008175400000]
Native frames: (J=compiled Java code, j=interpreted, Vv=VM code, C=native code)
V  [jvm.dll+0x679cca]
V  [jvm.dll+0x7da13d]
V  [jvm.dll+0x7dba83]
V  [jvm.dll+0x7dc0f3]
V  [jvm.dll+0x2449af]
V  [jvm.dll+0x676ce9]
V  [jvm.dll+0x66b852]
V  [jvm.dll+0x3018d6]
V  [jvm.dll+0x308e76]
V  [jvm.dll+0x359718]
V  [jvm.dll+0x35991f]
V  [jvm.dll+0x2d89a8]
V  [jvm.dll+0x2d6ddd]
V  [jvm.dll+0x2d642c]
V  [jvm.dll+0x319f8b]
V  [jvm.dll+0x7e09eb]
V  [jvm.dll+0x7e1724]
V  [jvm.dll+0x7e1c3d]
V  [jvm.dll+0x7e2014]
V  [jvm.dll+0x7e20e0]
V  [jvm.dll+0x78a85a]
V  [jvm.dll+0x678bb5]
C  [ucrtbase.dll+0x21bb2]
C  [KERNEL32.DLL+0x17374]
C  [ntdll.dll+0x4cc91]

VM_Operation (0x00000081767fa520): G1CollectForAllocation, mode: safepoint, requested by thread 0x000001dfe454f500


---------------  P R O C E S S  ---------------

Threads class SMR info:
_java_thread_list=0x000001dfeabc19b0, length=88, elements={
0x000001dfffa9cc50, 0x000001df9c316a00, 0x000001df9c3173c0, 0x000001df9c4492d0,
0x000001df9c326f00, 0x000001df9c3274d0, 0x000001df9c32d3d0, 0x000001df9c46a2d0,
0x000001df9c32de40, 0x000001df9c46ecf0, 0x000001df9c6e5a60, 0x000001df9c6ea360,
0x000001dfe3c2c2d0, 0x000001dfe3c0b1d0, 0x000001dfe454f500, 0x000001dfe3bb4a10,
0x000001dfe3bb30c0, 0x000001dfe3bb35d0, 0x000001dfe3bb4f20, 0x000001dfe3bb4500,
0x000001dfe3bb5940, 0x000001dfe3bb5430, 0x000001dfe3bb5e50, 0x000001dfe3bb3ae0,
0x000001dfe3bb6360, 0x000001dfe3bb6870, 0x000001dfe3bb3ff0, 0x000001dfe2ef1d20,
0x000001dfe2eef9b0, 0x000001dfe2eee570, 0x000001dfe2ef08e0, 0x000001dfe2ef4090,
0x000001dfe2eeef90, 0x000001dfe2ef2230, 0x000001dfe2ef1810, 0x000001dfe2ef4fc0,
0x000001dfe2ef1300, 0x000001dfe2ef2740, 0x000001dfe2ef2c50, 0x000001dfe2ef3160,
0x000001dfe2ef54d0, 0x000001dfe2ef3670, 0x000001dfe2ef3b80, 0x000001dfe2ef45a0,
0x000001dfe2ef4ab0, 0x000001dfe2eee060, 0x000001dfe2eeea80, 0x000001dfe46303d0,
0x000001dfe462ea80, 0x000001dfe462e060, 0x000001dfe4632740, 0x000001dfe4633670,
0x000001dfe4632230, 0x000001dfe462f9b0, 0x000001dfe4631810, 0x000001dfe462ef90,
0x000001dfe4631300, 0x000001dfe46308e0, 0x000001dfeaa04c00, 0x000001dfea9fe6c0,
0x000001dfeaa01450, 0x000001dfeb0a6160, 0x000001dfeb0a5740, 0x000001dfe55ca480,
0x000001dfe4182a10, 0x000001dfe41857a0, 0x000001dfeb225f30, 0x000001dfeb225510,
0x000001dfe55ca990, 0x000001dfe4181ff0, 0x000001dfeb226440, 0x000001dfe4185290,
0x000001dfeb226e60, 0x000001dfead133d0, 0x000001dfeaa02890, 0x000001dfe55caea0,
0x000001dfead11060, 0x000001dfeae0d170, 0x000001dfeae0b820, 0x000001dfeae099c0,
0x000001dfeaa06040, 0x000001dfe4184d80, 0x000001dfeae0b310, 0x000001dfeae0c750,
0x000001dfeae09ed0, 0x000001dfead14300, 0x000001dfeae0c240, 0x000001dfeaad0180
}

Java Threads: ( => current thread )
  0x000001dfffa9cc50 JavaThread "main" [_thread_in_native, id=3916, stack(0x0000008174d00000,0x0000008174e00000)]
  0x000001df9c316a00 JavaThread "Reference Handler" daemon [_thread_blocked, id=2628, stack(0x0000008175400000,0x0000008175500000)]
  0x000001df9c3173c0 JavaThread "Finalizer" daemon [_thread_blocked, id=22172, stack(0x0000008175500000,0x0000008175600000)]
  0x000001df9c4492d0 JavaThread "Signal Dispatcher" daemon [_thread_blocked, id=19324, stack(0x0000008175600000,0x0000008175700000)]
  0x000001df9c326f00 JavaThread "Attach Listener" daemon [_thread_blocked, id=17568, stack(0x0000008175700000,0x0000008175800000)]
  0x000001df9c3274d0 JavaThread "Service Thread" daemon [_thread_blocked, id=3508, stack(0x0000008175800000,0x0000008175900000)]
  0x000001df9c32d3d0 JavaThread "Monitor Deflation Thread" daemon [_thread_blocked, id=17812, stack(0x0000008175900000,0x0000008175a00000)]
  0x000001df9c46a2d0 JavaThread "C2 CompilerThread0" daemon [_thread_blocked, id=21588, stack(0x0000008175a00000,0x0000008175b00000)]
  0x000001df9c32de40 JavaThread "C1 CompilerThread0" daemon [_thread_blocked, id=15280, stack(0x0000008175b00000,0x0000008175c00000)]
  0x000001df9c46ecf0 JavaThread "Sweeper thread" daemon [_thread_blocked, id=22400, stack(0x0000008175c00000,0x0000008175d00000)]
  0x000001df9c6e5a60 JavaThread "Common-Cleaner" daemon [_thread_blocked, id=10784, stack(0x0000008175d00000,0x0000008175e00000)]
  0x000001df9c6ea360 JavaThread "Notification Thread" daemon [_thread_blocked, id=3864, stack(0x0000008175e00000,0x0000008175f00000)]
  0x000001dfe3c2c2d0 JavaThread "org.apache.hadoop.fs.FileSystem$Statistics$StatisticsDataReferenceCleaner" daemon [_thread_blocked, id=14224, stack(0x0000008176500000,0x0000008176600000)]
  0x000001dfe3c0b1d0 JavaThread "Thread-2" [_thread_in_native, id=18668, stack(0x0000008176600000,0x0000008176700000)]
  0x000001dfe454f500 JavaThread "Thread-3" [_thread_blocked, id=12084, stack(0x0000008176700000,0x0000008176800000)]
  0x000001dfe3bb4a10 JavaThread "Thread-4" [_thread_in_native, id=21924, stack(0x0000008176800000,0x0000008176900000)]
  0x000001dfe3bb30c0 JavaThread "rpc-boss-3-1" daemon [_thread_in_native, id=13596, stack(0x0000008176900000,0x0000008176a00000)]
  0x000001dfe3bb35d0 JavaThread "dispatcher-event-loop-0" daemon [_thread_blocked, id=10852, stack(0x0000008176a00000,0x0000008176b00000)]
  0x000001dfe3bb4f20 JavaThread "dispatcher-event-loop-1" daemon [_thread_blocked, id=16376, stack(0x0000008176b00000,0x0000008176c00000)]
  0x000001dfe3bb4500 JavaThread "dispatcher-event-loop-2" daemon [_thread_blocked, id=11084, stack(0x0000008176c00000,0x0000008176d00000)]
  0x000001dfe3bb5940 JavaThread "dispatcher-event-loop-3" daemon [_thread_blocked, id=7552, stack(0x0000008176d00000,0x0000008176e00000)]
  0x000001dfe3bb5430 JavaThread "map-output-dispatcher-0" daemon [_thread_blocked, id=13080, stack(0x0000008176e00000,0x0000008176f00000)]
  0x000001dfe3bb5e50 JavaThread "map-output-dispatcher-1" daemon [_thread_blocked, id=17560, stack(0x0000008176f00000,0x0000008177000000)]
  0x000001dfe3bb3ae0 JavaThread "map-output-dispatcher-2" daemon [_thread_blocked, id=7192, stack(0x0000008177000000,0x0000008177100000)]
  0x000001dfe3bb6360 JavaThread "map-output-dispatcher-3" daemon [_thread_blocked, id=7884, stack(0x0000008177100000,0x0000008177200000)]
  0x000001dfe3bb6870 JavaThread "map-output-dispatcher-4" daemon [_thread_blocked, id=17196, stack(0x0000008177200000,0x0000008177300000)]
  0x000001dfe3bb3ff0 JavaThread "map-output-dispatcher-5" daemon [_thread_blocked, id=20376, stack(0x0000008177300000,0x0000008177400000)]
  0x000001dfe2ef1d20 JavaThread "map-output-dispatcher-6" daemon [_thread_blocked, id=19960, stack(0x0000008177400000,0x0000008177500000)]
  0x000001dfe2eef9b0 JavaThread "map-output-dispatcher-7" daemon [_thread_blocked, id=4648, stack(0x0000008177500000,0x0000008177600000)]
  0x000001dfe2eee570 JavaThread "dispatcher-BlockManagerMaster" daemon [_thread_blocked, id=21056, stack(0x0000008177600000,0x0000008177700000)]
  0x000001dfe2ef08e0 JavaThread "dispatcher-BlockManagerEndpoint1" daemon [_thread_blocked, id=19388, stack(0x0000008177700000,0x0000008177800000)]
  0x000001dfe2ef4090 JavaThread "RemoteBlock-temp-file-clean-thread" daemon [_thread_blocked, id=21040, stack(0x0000008177800000,0x0000008177900000)]
  0x000001dfe2eeef90 JavaThread "refresh progress" daemon [_thread_blocked, id=21532, stack(0x0000008177900000,0x0000008177a00000)]
  0x000001dfe2ef2230 JavaThread "SparkUI-43" daemon [_thread_in_native, id=14884, stack(0x0000008176400000,0x0000008176500000)]
  0x000001dfe2ef1810 JavaThread "SparkUI-44" daemon [_thread_in_native, id=19212, stack(0x0000008177a00000,0x0000008177b00000)]
  0x000001dfe2ef4fc0 JavaThread "SparkUI-45-acceptor-0@6d2549ae-ServerConnector@63e2aa7a{HTTP/1.1, (http/1.1)}{0.0.0.0:4040}" daemon [_thread_in_native, id=18908, stack(0x0000008177b00000,0x0000008177c00000)]
  0x000001dfe2ef1300 JavaThread "SparkUI-46" daemon [_thread_blocked, id=12872, stack(0x0000008177c00000,0x0000008177d00000)]
  0x000001dfe2ef2740 JavaThread "SparkUI-47" daemon [_thread_blocked, id=20260, stack(0x0000008177d00000,0x0000008177e00000)]
  0x000001dfe2ef2c50 JavaThread "SparkUI-48" daemon [_thread_blocked, id=12588, stack(0x0000008177e00000,0x0000008177f00000)]
  0x000001dfe2ef3160 JavaThread "SparkUI-49" daemon [_thread_blocked, id=10016, stack(0x0000008177f00000,0x0000008178000000)]
  0x000001dfe2ef54d0 JavaThread "SparkUI-50" daemon [_thread_blocked, id=5236, stack(0x0000008178000000,0x0000008178100000)]
  0x000001dfe2ef3670 JavaThread "dispatcher-HeartbeatReceiver" daemon [_thread_blocked, id=3844, stack(0x0000008178100000,0x0000008178200000)]
  0x000001dfe2ef3b80 JavaThread "heartbeat-receiver-event-loop-thread" daemon [_thread_blocked, id=19096, stack(0x0000008178200000,0x0000008178300000)]
  0x000001dfe2ef45a0 JavaThread "netty-rpc-env-timeout" daemon [_thread_blocked, id=15936, stack(0x0000008178300000,0x0000008178400000)]
  0x000001dfe2ef4ab0 JavaThread "task-starvation-timer" daemon [_thread_blocked, id=14400, stack(0x0000008178400000,0x0000008178500000)]
  0x000001dfe2eee060 JavaThread "task-abort-timer" daemon [_thread_blocked, id=21136, stack(0x0000008178500000,0x0000008178600000)]
  0x000001dfe2eeea80 JavaThread "dag-scheduler-event-loop" daemon [_thread_blocked, id=22392, stack(0x0000008178600000,0x0000008178700000)]
  0x000001dfe46303d0 JavaThread "driver-heartbeater" daemon [_thread_blocked, id=9352, stack(0x0000008178700000,0x0000008178800000)]
  0x000001dfe462ea80 JavaThread "executor-kill-mark-cleanup" daemon [_thread_blocked, id=19828, stack(0x0000008178800000,0x0000008178900000)]
  0x000001dfe462e060 JavaThread "executor-heartbeater" daemon [_thread_blocked, id=22232, stack(0x0000008178900000,0x0000008178a00000)]
  0x000001dfe4632740 JavaThread "files-client-5-1" daemon [_thread_in_native, id=4368, stack(0x0000008178a00000,0x0000008178b00000)]
  0x000001dfe4633670 JavaThread "rpc-server-4-1" daemon [_thread_in_native, id=11300, stack(0x0000008178c00000,0x0000008178d00000)]
  0x000001dfe4632230 JavaThread "shuffle-boss-7-1" daemon [_thread_in_native, id=15960, stack(0x0000008178d00000,0x0000008178e00000)]
  0x000001dfe462f9b0 JavaThread "Spark Context Cleaner" daemon [_thread_blocked, id=8600, stack(0x0000008178e00000,0x0000008178f00000)]
  0x000001dfe4631810 JavaThread "context-cleaner-periodic-gc" daemon [_thread_blocked, id=2032, stack(0x0000008178f00000,0x0000008179000000)]
  0x000001dfe462ef90 JavaThread "spark-listener-group-appStatus" daemon [_thread_blocked, id=21936, stack(0x0000008179000000,0x0000008179100000)]
  0x000001dfe4631300 JavaThread "spark-listener-group-executorManagement" daemon [_thread_blocked, id=20232, stack(0x0000008179100000,0x0000008179200000)]
  0x000001dfe46308e0 JavaThread "element-tracking-store-worker" daemon [_thread_blocked, id=20356, stack(0x0000008179300000,0x0000008179400000)]
  0x000001dfeaa04c00 JavaThread "Executor task launch worker for task 0.0 in stage 3.0 (TID 4)" daemon [_thread_blocked, id=22308, stack(0x0000008176000000,0x0000008176100000)]
  0x000001dfea9fe6c0 JavaThread "Executor task launch worker for task 2.0 in stage 3.0 (TID 6)" daemon [_thread_blocked, id=15676, stack(0x0000008179200000,0x0000008179300000)]
  0x000001dfeaa01450 JavaThread "Executor task launch worker for task 1.0 in stage 3.0 (TID 5)" daemon [_thread_blocked, id=6840, stack(0x0000008179400000,0x0000008179500000)]
  0x000001dfeb0a6160 JavaThread "task-result-getter-0" daemon [_thread_blocked, id=19060, stack(0x0000008179600000,0x0000008179700000)]
  0x000001dfeb0a5740 JavaThread "task-result-getter-1" daemon [_thread_blocked, id=6408, stack(0x0000008179700000,0x0000008179800000)]
  0x000001dfe55ca480 JavaThread "task-result-getter-2" daemon [_thread_blocked, id=5100, stack(0x0000008179800000,0x0000008179900000)]
  0x000001dfe4182a10 JavaThread "QueryStageCreator-0" daemon [_thread_blocked, id=19940, stack(0x0000008179900000,0x0000008179a00000)]
  0x000001dfe41857a0 JavaThread "block-manager-storage-async-thread-pool-0" daemon [_thread_blocked, id=15932, stack(0x0000008179a00000,0x0000008179b00000)]
  0x000001dfeb225f30 JavaThread "block-manager-storage-async-thread-pool-1" daemon [_thread_blocked, id=18584, stack(0x0000008179b00000,0x0000008179c00000)]
  0x000001dfeb225510 JavaThread "block-manager-storage-async-thread-pool-2" daemon [_thread_blocked, id=16184, stack(0x0000008179c00000,0x0000008179d00000)]
  0x000001dfe55ca990 JavaThread "block-manager-ask-thread-pool-0" daemon [_thread_blocked, id=18304, stack(0x0000008179d00000,0x0000008179e00000)]
  0x000001dfe4181ff0 JavaThread "block-manager-ask-thread-pool-1" daemon [_thread_blocked, id=14228, stack(0x0000008179e00000,0x0000008179f00000)]
  0x000001dfeb226440 JavaThread "task-result-getter-3" daemon [_thread_blocked, id=16956, stack(0x0000008179f00000,0x000000817a000000)]
  0x000001dfe4185290 JavaThread "block-manager-storage-async-thread-pool-3" daemon [_thread_blocked, id=11448, stack(0x000000817a000000,0x000000817a100000)]
  0x000001dfeb226e60 JavaThread "block-manager-storage-async-thread-pool-4" daemon [_thread_blocked, id=19028, stack(0x000000817a100000,0x000000817a200000)]
  0x000001dfead133d0 JavaThread "block-manager-storage-async-thread-pool-5" daemon [_thread_blocked, id=4616, stack(0x000000817a200000,0x000000817a300000)]
  0x000001dfeaa02890 JavaThread "block-manager-ask-thread-pool-2" daemon [_thread_blocked, id=15352, stack(0x000000817a300000,0x000000817a400000)]
  0x000001dfe55caea0 JavaThread "block-manager-ask-thread-pool-3" daemon [_thread_blocked, id=15532, stack(0x000000817a400000,0x000000817a500000)]
  0x000001dfead11060 JavaThread "block-manager-storage-async-thread-pool-6" daemon [_thread_blocked, id=18792, stack(0x0000008179500000,0x0000008179600000)]
  0x000001dfeae0d170 JavaThread "block-manager-storage-async-thread-pool-7" daemon [_thread_blocked, id=6240, stack(0x000000817a700000,0x000000817a800000)]
  0x000001dfeae0b820 JavaThread "block-manager-storage-async-thread-pool-8" daemon [_thread_blocked, id=16360, stack(0x000000817a800000,0x000000817a900000)]
  0x000001dfeae099c0 JavaThread "block-manager-storage-async-thread-pool-9" daemon [_thread_blocked, id=14368, stack(0x000000817a900000,0x000000817aa00000)]
  0x000001dfeaa06040 JavaThread "block-manager-ask-thread-pool-4" daemon [_thread_blocked, id=22124, stack(0x000000817aa00000,0x000000817ab00000)]
  0x000001dfe4184d80 JavaThread "block-manager-ask-thread-pool-5" daemon [_thread_blocked, id=21308, stack(0x000000817ab00000,0x000000817ac00000)]
  0x000001dfeae0b310 JavaThread "block-manager-storage-async-thread-pool-10" daemon [_thread_blocked, id=22100, stack(0x000000817ac00000,0x000000817ad00000)]
  0x000001dfeae0c750 JavaThread "block-manager-storage-async-thread-pool-11" daemon [_thread_blocked, id=1360, stack(0x000000817ad00000,0x000000817ae00000)]
  0x000001dfeae09ed0 JavaThread "block-manager-ask-thread-pool-6" daemon [_thread_blocked, id=14908, stack(0x000000817ae00000,0x000000817af00000)]
  0x000001dfead14300 JavaThread "block-manager-ask-thread-pool-7" daemon [_thread_blocked, id=11468, stack(0x000000817af00000,0x000000817b000000)]
  0x000001dfeae0c240 JavaThread "QueryStageCreator-1" daemon [_thread_blocked, id=16848, stack(0x000000817b000000,0x000000817b100000)]
  0x000001dfeaad0180 JavaThread "C2 CompilerThread1" daemon [_thread_blocked, id=21788, stack(0x000000817b100000,0x000000817b200000)]

Other Threads:
=>0x000001df9c30b020 VMThread "VM Thread" [stack: 0x0000008175300000,0x0000008175400000] [id=18912]
  0x000001df9c6ea840 WatcherThread [stack: 0x0000008175f00000,0x0000008176000000] [id=11664]
  0x000001dfffad6b40 GCTaskThread "GC Thread#0" [stack: 0x0000008174e00000,0x0000008174f00000] [id=8840]
  0x000001dfe258ae20 GCTaskThread "GC Thread#1" [stack: 0x0000008176100000,0x0000008176200000] [id=12104]
  0x000001dfe258b0e0 GCTaskThread "GC Thread#2" [stack: 0x0000008176200000,0x0000008176300000] [id=14740]
  0x000001dfe258b3a0 GCTaskThread "GC Thread#3" [stack: 0x0000008176300000,0x0000008176400000] [id=17616]
  0x000001dfffadf830 ConcurrentGCThread "G1 Main Marker" [stack: 0x0000008174f00000,0x0000008175000000] [id=9408]
  0x000001dfffae1790 ConcurrentGCThread "G1 Conc#0" [stack: 0x0000008175000000,0x0000008175100000] [id=14804]
  0x000001df9c18e530 ConcurrentGCThread "G1 Refine#0" [stack: 0x0000008175100000,0x0000008175200000] [id=22024]
  0x000001df9c18ec10 ConcurrentGCThread "G1 Service" [stack: 0x0000008175200000,0x0000008175300000] [id=22372]

Threads with active compile tasks:
C2 CompilerThread0    35130 9593   !   4       java.io.ObjectOutputStream::writeObject0 (620 bytes)
C1 CompilerThread0    35130 9760       3       java.lang.invoke.VarHandleReferences$Array::setRelease (61 bytes)
C2 CompilerThread1    35130 9743       4       org.codehaus.janino.Descriptor::fromClassName (69 bytes)

VM state: at safepoint (normal execution)

VM Mutex/Monitor currently owned by a thread:  ([mutex/lock_event])
[0x000001dfffa98220] Threads_lock - owner thread: 0x000001df9c30b020
[0x000001dfffa990c0] Heap_lock - owner thread: 0x000001dfe454f500

Heap address: 0x00000000c0000000, size: 1024 MB, Compressed Oops mode: 32-bit

CDS archive(s) mapped at: [0x000001df9d000000-0x000001df9dbd0000-0x000001df9dbd0000), size 12386304, SharedBaseAddress: 0x000001df9d000000, ArchiveRelocationMode: 1.
Compressed class space mapped at: 0x000001df9e000000-0x000001dfde000000, reserved size: 1073741824
Narrow klass base: 0x000001df9d000000, Narrow klass shift: 0, Narrow klass range: 0x100000000

GC Precious Log:
 CPUs: 4 total, 4 available
 Memory: 16288M
 Large Page Support: Disabled
 NUMA Support: Disabled
 Compressed Oops: Enabled (32-bit)
 Heap Region Size: 1M
 Heap Min Capacity: 8M
 Heap Initial Capacity: 256M
 Heap Max Capacity: 1G
 Pre-touch: Disabled
 Parallel Workers: 4
 Concurrent Workers: 1
 Concurrent Refinement Workers: 4
 Periodic GC: Disabled

Heap:
 garbage-first heap   total 265216K, used 144435K [0x00000000c0000000, 0x0000000100000000)
  region size 1024K, 1 young (1024K), 1 survivors (1024K)
 Metaspace       used 115203K, committed 116288K, reserved 1179648K
  class space    used 15500K, committed 16000K, reserved 1048576K

Heap Regions: E=young(eden), S=young(survivor), O=old, HS=humongous(starts), HC=humongous(continues), CS=collection set, F=free, OA=open archive, CA=closed archive, TAMS=top-at-mark-start (previous, next)
|   0|0x00000000c0000000, 0x00000000c0100000, 0x00000000c0100000|100%|HS|  |TAMS 0x00000000c0100000, 0x00000000c0000000| Complete 
|   1|0x00000000c0100000, 0x00000000c0200000, 0x00000000c0200000|100%|HS|  |TAMS 0x00000000c0200000, 0x00000000c0100000| Complete 
|   2|0x00000000c0200000, 0x00000000c0300000, 0x00000000c0300000|100%|HC|  |TAMS 0x00000000c0300000, 0x00000000c0200000| Complete 
|   3|0x00000000c0300000, 0x00000000c0400000, 0x00000000c0400000|100%|HS|  |TAMS 0x00000000c0400000, 0x00000000c0300000| Complete 
|   4|0x00000000c0400000, 0x00000000c0500000, 0x00000000c0500000|100%|HC|  |TAMS 0x00000000c0500000, 0x00000000c0400000| Complete 
|   5|0x00000000c0500000, 0x00000000c0600000, 0x00000000c0600000|100%|HC|  |TAMS 0x00000000c0600000, 0x00000000c0500000| Complete 
|   6|0x00000000c0600000, 0x00000000c0700000, 0x00000000c0700000|100%|HS|  |TAMS 0x00000000c0700000, 0x00000000c0600000| Complete 
|   7|0x00000000c0700000, 0x00000000c0800000, 0x00000000c0800000|100%|HS|  |TAMS 0x00000000c0800000, 0x00000000c0700000| Complete 
|   8|0x00000000c0800000, 0x00000000c0900000, 0x00000000c0900000|100%| O|  |TAMS 0x00000000c0900000, 0x00000000c0800000| Untracked 
|   9|0x00000000c0900000, 0x00000000c0a00000, 0x00000000c0a00000|100%| O|  |TAMS 0x00000000c0a00000, 0x00000000c0900000| Untracked 
|  10|0x00000000c0a00000, 0x00000000c0b00000, 0x00000000c0b00000|100%| O|  |TAMS 0x00000000c0b00000, 0x00000000c0a00000| Untracked 
|  11|0x00000000c0b00000, 0x00000000c0c00000, 0x00000000c0c00000|100%| O|  |TAMS 0x00000000c0c00000, 0x00000000c0b00000| Untracked 
|  12|0x00000000c0c00000, 0x00000000c0d00000, 0x00000000c0d00000|100%| O|  |TAMS 0x00000000c0d00000, 0x00000000c0c00000| Untracked 
|  13|0x00000000c0d00000, 0x00000000c0e00000, 0x00000000c0e00000|100%| O|  |TAMS 0x00000000c0e00000, 0x00000000c0d00000| Untracked 
|  14|0x00000000c0e00000, 0x00000000c0f00000, 0x00000000c0f00000|100%| O|  |TAMS 0x00000000c0f00000, 0x00000000c0e00000| Untracked 
|  15|0x00000000c0f00000, 0x00000000c1000000, 0x00000000c1000000|100%| O|  |TAMS 0x00000000c1000000, 0x00000000c0f00000| Untracked 
|  16|0x00000000c1000000, 0x00000000c1100000, 0x00000000c1100000|100%| O|  |TAMS 0x00000000c1100000, 0x00000000c1000000| Untracked 
|  17|0x00000000c1100000, 0x00000000c1200000, 0x00000000c1200000|100%|HS|  |TAMS 0x00000000c1200000, 0x00000000c1100000| Complete 
|  18|0x00000000c1200000, 0x00000000c1300000, 0x00000000c1300000|100%| O|  |TAMS 0x00000000c1300000, 0x00000000c1200000| Untracked 
|  19|0x00000000c1300000, 0x00000000c1400000, 0x00000000c1400000|100%| O|  |TAMS 0x00000000c1400000, 0x00000000c1300000| Untracked 
|  20|0x00000000c1400000, 0x00000000c1500000, 0x00000000c1500000|100%| O|  |TAMS 0x00000000c1500000, 0x00000000c1400000| Untracked 
|  21|0x00000000c1500000, 0x00000000c1600000, 0x00000000c1600000|100%| O|  |TAMS 0x00000000c1600000, 0x00000000c1500000| Untracked 
|  22|0x00000000c1600000, 0x00000000c16d8800, 0x00000000c1700000| 84%| O|  |TAMS 0x00000000c16d8800, 0x00000000c1600000| Untracked 
|  23|0x00000000c1700000, 0x00000000c1800000, 0x00000000c1800000|100%| O|  |TAMS 0x00000000c1800000, 0x00000000c1700000| Untracked 
|  24|0x00000000c1800000, 0x00000000c1900000, 0x00000000c1900000|100%| O|  |TAMS 0x00000000c1900000, 0x00000000c1800000| Untracked 
|  25|0x00000000c1900000, 0x00000000c1a00000, 0x00000000c1a00000|100%| O|  |TAMS 0x00000000c1a00000, 0x00000000c1900000| Untracked 
|  26|0x00000000c1a00000, 0x00000000c1b00000, 0x00000000c1b00000|100%| O|  |TAMS 0x00000000c1b00000, 0x00000000c1a00000| Untracked 
|  27|0x00000000c1b00000, 0x00000000c1c00000, 0x00000000c1c00000|100%| O|  |TAMS 0x00000000c1c00000, 0x00000000c1b00000| Untracked 
|  28|0x00000000c1c00000, 0x00000000c1d00000, 0x00000000c1d00000|100%| O|  |TAMS 0x00000000c1d00000, 0x00000000c1c00000| Untracked 
|  29|0x00000000c1d00000, 0x00000000c1e00000, 0x00000000c1e00000|100%| O|  |TAMS 0x00000000c1e00000, 0x00000000c1d00000| Untracked 
|  30|0x00000000c1e00000, 0x00000000c1f00000, 0x00000000c1f00000|100%| O|  |TAMS 0x00000000c1f00000, 0x00000000c1e00000| Untracked 
|  31|0x00000000c1f00000, 0x00000000c2000000, 0x00000000c2000000|100%| O|  |TAMS 0x00000000c2000000, 0x00000000c1f00000| Untracked 
|  32|0x00000000c2000000, 0x00000000c2100000, 0x00000000c2100000|100%| O|  |TAMS 0x00000000c2100000, 0x00000000c2000000| Untracked 
|  33|0x00000000c2100000, 0x00000000c2200000, 0x00000000c2200000|100%| O|  |TAMS 0x00000000c2200000, 0x00000000c2100000| Untracked 
|  34|0x00000000c2200000, 0x00000000c2300000, 0x00000000c2300000|100%| O|  |TAMS 0x00000000c2300000, 0x00000000c2200000| Untracked 
|  35|0x00000000c2300000, 0x00000000c2400000, 0x00000000c2400000|100%| O|  |TAMS 0x00000000c2400000, 0x00000000c2300000| Untracked 
|  36|0x00000000c2400000, 0x00000000c2500000, 0x00000000c2500000|100%| O|  |TAMS 0x00000000c2500000, 0x00000000c2400000| Untracked 
|  37|0x00000000c2500000, 0x00000000c2600000, 0x00000000c2600000|100%| O|  |TAMS 0x00000000c2600000, 0x00000000c2500000| Untracked 
|  38|0x00000000c2600000, 0x00000000c2700000, 0x00000000c2700000|100%| O|  |TAMS 0x00000000c2700000, 0x00000000c2600000| Untracked 
|  39|0x00000000c2700000, 0x00000000c2700000, 0x00000000c2800000|  0%| F|  |TAMS 0x00000000c2700000, 0x00000000c2700000| Untracked 
|  40|0x00000000c2800000, 0x00000000c2900000, 0x00000000c2900000|100%| O|  |TAMS 0x00000000c2900000, 0x00000000c2800000| Untracked 
|  41|0x00000000c2900000, 0x00000000c2a00000, 0x00000000c2a00000|100%| O|  |TAMS 0x00000000c2a00000, 0x00000000c2900000| Untracked 
|  42|0x00000000c2a00000, 0x00000000c2b00000, 0x00000000c2b00000|100%| O|  |TAMS 0x00000000c2b00000, 0x00000000c2a00000| Untracked 
|  43|0x00000000c2b00000, 0x00000000c2c00000, 0x00000000c2c00000|100%| O|  |TAMS 0x00000000c2c00000, 0x00000000c2b00000| Untracked 
|  44|0x00000000c2c00000, 0x00000000c2d00000, 0x00000000c2d00000|100%| O|  |TAMS 0x00000000c2d00000, 0x00000000c2c00000| Untracked 
|  45|0x00000000c2d00000, 0x00000000c2e00000, 0x00000000c2e00000|100%| O|  |TAMS 0x00000000c2e00000, 0x00000000c2d00000| Untracked 
|  46|0x00000000c2e00000, 0x00000000c2f00000, 0x00000000c2f00000|100%|HS|  |TAMS 0x00000000c2f00000, 0x00000000c2e00000| Complete 
|  47|0x00000000c2f00000, 0x00000000c3000000, 0x00000000c3000000|100%|HC|  |TAMS 0x00000000c3000000, 0x00000000c2f00000| Complete 
|  48|0x00000000c3000000, 0x00000000c3100000, 0x00000000c3100000|100%|HC|  |TAMS 0x00000000c3100000, 0x00000000c3000000| Complete 
|  49|0x00000000c3100000, 0x00000000c3200000, 0x00000000c3200000|100%| O|  |TAMS 0x00000000c3200000, 0x00000000c3100000| Untracked 
|  50|0x00000000c3200000, 0x00000000c3300000, 0x00000000c3300000|100%| O|  |TAMS 0x00000000c3300000, 0x00000000c3200000| Untracked 
|  51|0x00000000c3300000, 0x00000000c3400000, 0x00000000c3400000|100%| O|  |TAMS 0x00000000c3400000, 0x00000000c3300000| Untracked 
|  52|0x00000000c3400000, 0x00000000c3500000, 0x00000000c3500000|100%| O|  |TAMS 0x00000000c3500000, 0x00000000c3400000| Untracked 
|  53|0x00000000c3500000, 0x00000000c3600000, 0x00000000c3600000|100%|HS|  |TAMS 0x00000000c3600000, 0x00000000c3500000| Complete 
|  54|0x00000000c3600000, 0x00000000c3700000, 0x00000000c3700000|100%|HC|  |TAMS 0x00000000c3700000, 0x00000000c3600000| Complete 
|  55|0x00000000c3700000, 0x00000000c3800000, 0x00000000c3800000|100%|HC|  |TAMS 0x00000000c3800000, 0x00000000c3700000| Complete 
|  56|0x00000000c3800000, 0x00000000c3900000, 0x00000000c3900000|100%|HS|  |TAMS 0x00000000c3900000, 0x00000000c3800000| Complete 
|  57|0x00000000c3900000, 0x00000000c3a00000, 0x00000000c3a00000|100%|HC|  |TAMS 0x00000000c3a00000, 0x00000000c3900000| Complete 
|  58|0x00000000c3a00000, 0x00000000c3b00000, 0x00000000c3b00000|100%|HC|  |TAMS 0x00000000c3b00000, 0x00000000c3a00000| Complete 
|  59|0x00000000c3b00000, 0x00000000c3c00000, 0x00000000c3c00000|100%| O|  |TAMS 0x00000000c3c00000, 0x00000000c3b00000| Untracked 
|  60|0x00000000c3c00000, 0x00000000c3d00000, 0x00000000c3d00000|100%| O|  |TAMS 0x00000000c3d00000, 0x00000000c3c00000| Untracked 
|  61|0x00000000c3d00000, 0x00000000c3e00000, 0x00000000c3e00000|100%|HS|  |TAMS 0x00000000c3e00000, 0x00000000c3d00000| Complete 
|  62|0x00000000c3e00000, 0x00000000c3f00000, 0x00000000c3f00000|100%|HC|  |TAMS 0x00000000c3f00000, 0x00000000c3e00000| Complete 
|  63|0x00000000c3f00000, 0x00000000c4000000, 0x00000000c4000000|100%|HC|  |TAMS 0x00000000c4000000, 0x00000000c3f00000| Complete 
|  64|0x00000000c4000000, 0x00000000c4100000, 0x00000000c4100000|100%|HC|  |TAMS 0x00000000c4100000, 0x00000000c4000000| Complete 
|  65|0x00000000c4100000, 0x00000000c4200000, 0x00000000c4200000|100%|HS|  |TAMS 0x00000000c4200000, 0x00000000c4100000| Complete 
|  66|0x00000000c4200000, 0x00000000c4300000, 0x00000000c4300000|100%|HC|  |TAMS 0x00000000c4300000, 0x00000000c4200000| Complete 
|  67|0x00000000c4300000, 0x00000000c4400000, 0x00000000c4400000|100%|HC|  |TAMS 0x00000000c4400000, 0x00000000c4300000| Complete 
|  68|0x00000000c4400000, 0x00000000c4500000, 0x00000000c4500000|100%|HC|  |TAMS 0x00000000c4500000, 0x00000000c4400000| Complete 
|  69|0x00000000c4500000, 0x00000000c4600000, 0x00000000c4600000|100%|HS|  |TAMS 0x00000000c4600000, 0x00000000c4500000| Complete 
|  70|0x00000000c4600000, 0x00000000c4700000, 0x00000000c4700000|100%|HC|  |TAMS 0x00000000c4700000, 0x00000000c4600000| Complete 
|  71|0x00000000c4700000, 0x00000000c4800000, 0x00000000c4800000|100%|HC|  |TAMS 0x00000000c4800000, 0x00000000c4700000| Complete 
|  72|0x00000000c4800000, 0x00000000c4900000, 0x00000000c4900000|100%|HC|  |TAMS 0x00000000c4900000, 0x00000000c4800000| Complete 
|  73|0x00000000c4900000, 0x00000000c4a00000, 0x00000000c4a00000|100%| O|  |TAMS 0x00000000c49f7200, 0x00000000c4900000| Untracked 
|  74|0x00000000c4a00000, 0x00000000c4b00000, 0x00000000c4b00000|100%| O|  |TAMS 0x00000000c4a00000, 0x00000000c4a00000| Untracked 
|  75|0x00000000c4b00000, 0x00000000c4c00000, 0x00000000c4c00000|100%| O|  |TAMS 0x00000000c4b00000, 0x00000000c4b00000| Untracked 
|  76|0x00000000c4c00000, 0x00000000c4d00000, 0x00000000c4d00000|100%| O|  |TAMS 0x00000000c4c00000, 0x00000000c4c00000| Untracked 
|  77|0x00000000c4d00000, 0x00000000c4e00000, 0x00000000c4e00000|100%| O|  |TAMS 0x00000000c4d00000, 0x00000000c4d00000| Untracked 
|  78|0x00000000c4e00000, 0x00000000c4f00000, 0x00000000c4f00000|100%| O|  |TAMS 0x00000000c4e00000, 0x00000000c4e00000| Untracked 
|  79|0x00000000c4f00000, 0x00000000c5000000, 0x00000000c5000000|100%| O|  |TAMS 0x00000000c4f00000, 0x00000000c4f00000| Untracked 
|  80|0x00000000c5000000, 0x00000000c5100000, 0x00000000c5100000|100%| O|  |TAMS 0x00000000c5000000, 0x00000000c5000000| Untracked 
|  81|0x00000000c5100000, 0x00000000c5200000, 0x00000000c5200000|100%| O|  |TAMS 0x00000000c5100000, 0x00000000c5100000| Untracked 
|  82|0x00000000c5200000, 0x00000000c5300000, 0x00000000c5300000|100%| O|  |TAMS 0x00000000c5200000, 0x00000000c5200000| Untracked 
|  83|0x00000000c5300000, 0x00000000c5400000, 0x00000000c5400000|100%| O|  |TAMS 0x00000000c5300000, 0x00000000c5300000| Untracked 
|  84|0x00000000c5400000, 0x00000000c5500000, 0x00000000c5500000|100%| O|  |TAMS 0x00000000c5400000, 0x00000000c5400000| Untracked 
|  85|0x00000000c5500000, 0x00000000c5600000, 0x00000000c5600000|100%| O|  |TAMS 0x00000000c5500000, 0x00000000c5500000| Untracked 
|  86|0x00000000c5600000, 0x00000000c5700000, 0x00000000c5700000|100%| O|  |TAMS 0x00000000c5600000, 0x00000000c5600000| Untracked 
|  87|0x00000000c5700000, 0x00000000c5800000, 0x00000000c5800000|100%| O|  |TAMS 0x00000000c5700000, 0x00000000c5700000| Untracked 
|  88|0x00000000c5800000, 0x00000000c5900000, 0x00000000c5900000|100%| O|  |TAMS 0x00000000c5800000, 0x00000000c5800000| Untracked 
|  89|0x00000000c5900000, 0x00000000c5a00000, 0x00000000c5a00000|100%| O|  |TAMS 0x00000000c5900000, 0x00000000c5900000| Untracked 
|  90|0x00000000c5a00000, 0x00000000c5b00000, 0x00000000c5b00000|100%| O|  |TAMS 0x00000000c5a00000, 0x00000000c5a00000| Untracked 
|  91|0x00000000c5b00000, 0x00000000c5c00000, 0x00000000c5c00000|100%| O|  |TAMS 0x00000000c5b00000, 0x00000000c5b00000| Untracked 
|  92|0x00000000c5c00000, 0x00000000c5d00000, 0x00000000c5d00000|100%| O|  |TAMS 0x00000000c5c00000, 0x00000000c5c00000| Untracked 
|  93|0x00000000c5d00000, 0x00000000c5e00000, 0x00000000c5e00000|100%| O|  |TAMS 0x00000000c5d00000, 0x00000000c5d00000| Untracked 
|  94|0x00000000c5e00000, 0x00000000c5f00000, 0x00000000c5f00000|100%| O|  |TAMS 0x00000000c5e00000, 0x00000000c5e00000| Untracked 
|  95|0x00000000c5f00000, 0x00000000c6000000, 0x00000000c6000000|100%| O|  |TAMS 0x00000000c5f00000, 0x00000000c5f00000| Untracked 
|  96|0x00000000c6000000, 0x00000000c6100000, 0x00000000c6100000|100%| O|  |TAMS 0x00000000c6000000, 0x00000000c6000000| Untracked 
|  97|0x00000000c6100000, 0x00000000c6200000, 0x00000000c6200000|100%| O|  |TAMS 0x00000000c6100000, 0x00000000c6100000| Untracked 
|  98|0x00000000c6200000, 0x00000000c6300000, 0x00000000c6300000|100%| O|  |TAMS 0x00000000c6200000, 0x00000000c6200000| Untracked 
|  99|0x00000000c6300000, 0x00000000c6400000, 0x00000000c6400000|100%| O|  |TAMS 0x00000000c6300000, 0x00000000c6300000| Untracked 
| 100|0x00000000c6400000, 0x00000000c6500000, 0x00000000c6500000|100%| O|  |TAMS 0x00000000c6400000, 0x00000000c6400000| Untracked 
| 101|0x00000000c6500000, 0x00000000c6600000, 0x00000000c6600000|100%| O|  |TAMS 0x00000000c6500000, 0x00000000c6500000| Untracked 
| 102|0x00000000c6600000, 0x00000000c6700000, 0x00000000c6700000|100%| O|  |TAMS 0x00000000c6600000, 0x00000000c6600000| Untracked 
| 103|0x00000000c6700000, 0x00000000c6800000, 0x00000000c6800000|100%| O|  |TAMS 0x00000000c6700000, 0x00000000c6700000| Untracked 
| 104|0x00000000c6800000, 0x00000000c6900000, 0x00000000c6900000|100%| O|  |TAMS 0x00000000c6800000, 0x00000000c6800000| Untracked 
| 105|0x00000000c6900000, 0x00000000c6a00000, 0x00000000c6a00000|100%| O|  |TAMS 0x00000000c6900000, 0x00000000c6900000| Untracked 
| 106|0x00000000c6a00000, 0x00000000c6b00000, 0x00000000c6b00000|100%| O|  |TAMS 0x00000000c6a00000, 0x00000000c6a00000| Untracked 
| 107|0x00000000c6b00000, 0x00000000c6c00000, 0x00000000c6c00000|100%| O|  |TAMS 0x00000000c6b00000, 0x00000000c6b00000| Untracked 
| 108|0x00000000c6c00000, 0x00000000c6d00000, 0x00000000c6d00000|100%| O|  |TAMS 0x00000000c6c00000, 0x00000000c6c00000| Untracked 
| 109|0x00000000c6d00000, 0x00000000c6e00000, 0x00000000c6e00000|100%| O|  |TAMS 0x00000000c6d00000, 0x00000000c6d00000| Untracked 
| 110|0x00000000c6e00000, 0x00000000c6f00000, 0x00000000c6f00000|100%| O|  |TAMS 0x00000000c6e00000, 0x00000000c6e00000| Untracked 
| 111|0x00000000c6f00000, 0x00000000c7000000, 0x00000000c7000000|100%| O|  |TAMS 0x00000000c6f00000, 0x00000000c6f00000| Untracked 
| 112|0x00000000c7000000, 0x00000000c7100000, 0x00000000c7100000|100%| O|  |TAMS 0x00000000c7000000, 0x00000000c7000000| Untracked 
| 113|0x00000000c7100000, 0x00000000c7200000, 0x00000000c7200000|100%| O|  |TAMS 0x00000000c7100000, 0x00000000c7100000| Untracked 
| 114|0x00000000c7200000, 0x00000000c7300000, 0x00000000c7300000|100%| O|  |TAMS 0x00000000c7200000, 0x00000000c7200000| Untracked 
| 115|0x00000000c7300000, 0x00000000c7400000, 0x00000000c7400000|100%| O|  |TAMS 0x00000000c7300000, 0x00000000c7300000| Untracked 
| 116|0x00000000c7400000, 0x00000000c7500000, 0x00000000c7500000|100%| O|  |TAMS 0x00000000c7400000, 0x00000000c7400000| Untracked 
| 117|0x00000000c7500000, 0x00000000c7600000, 0x00000000c7600000|100%| O|  |TAMS 0x00000000c7500000, 0x00000000c7500000| Untracked 
| 118|0x00000000c7600000, 0x00000000c7700000, 0x00000000c7700000|100%| O|  |TAMS 0x00000000c7600000, 0x00000000c7600000| Untracked 
| 119|0x00000000c7700000, 0x00000000c7800000, 0x00000000c7800000|100%| O|  |TAMS 0x00000000c7700000, 0x00000000c7700000| Untracked 
| 120|0x00000000c7800000, 0x00000000c7900000, 0x00000000c7900000|100%| O|  |TAMS 0x00000000c7800000, 0x00000000c7800000| Untracked 
| 121|0x00000000c7900000, 0x00000000c7a00000, 0x00000000c7a00000|100%| O|  |TAMS 0x00000000c7900000, 0x00000000c7900000| Untracked 
| 122|0x00000000c7a00000, 0x00000000c7b00000, 0x00000000c7b00000|100%| O|  |TAMS 0x00000000c7a00000, 0x00000000c7a00000| Untracked 
| 123|0x00000000c7b00000, 0x00000000c7c00000, 0x00000000c7c00000|100%| O|  |TAMS 0x00000000c7b00000, 0x00000000c7b00000| Untracked 
| 124|0x00000000c7c00000, 0x00000000c7d00000, 0x00000000c7d00000|100%| O|  |TAMS 0x00000000c7c00000, 0x00000000c7c00000| Untracked 
| 125|0x00000000c7d00000, 0x00000000c7e00000, 0x00000000c7e00000|100%| O|  |TAMS 0x00000000c7d00000, 0x00000000c7d00000| Untracked 
| 126|0x00000000c7e00000, 0x00000000c7f00000, 0x00000000c7f00000|100%| O|  |TAMS 0x00000000c7e00000, 0x00000000c7e00000| Untracked 
| 127|0x00000000c7f00000, 0x00000000c8000000, 0x00000000c8000000|100%| O|  |TAMS 0x00000000c7f00000, 0x00000000c7f00000| Untracked 
| 128|0x00000000c8000000, 0x00000000c8100000, 0x00000000c8100000|100%| O|  |TAMS 0x00000000c8000000, 0x00000000c8000000| Untracked 
| 129|0x00000000c8100000, 0x00000000c8200000, 0x00000000c8200000|100%| O|  |TAMS 0x00000000c8100000, 0x00000000c8100000| Untracked 
| 130|0x00000000c8200000, 0x00000000c8300000, 0x00000000c8300000|100%| O|  |TAMS 0x00000000c8200000, 0x00000000c8200000| Untracked 
| 131|0x00000000c8300000, 0x00000000c8400000, 0x00000000c8400000|100%| O|  |TAMS 0x00000000c8300000, 0x00000000c8300000| Untracked 
| 132|0x00000000c8400000, 0x00000000c8500000, 0x00000000c8500000|100%| O|  |TAMS 0x00000000c8400000, 0x00000000c8400000| Untracked 
| 133|0x00000000c8500000, 0x00000000c8600000, 0x00000000c8600000|100%| O|  |TAMS 0x00000000c8500000, 0x00000000c8500000| Untracked 
| 134|0x00000000c8600000, 0x00000000c8700000, 0x00000000c8700000|100%| O|  |TAMS 0x00000000c8600000, 0x00000000c8600000| Untracked 
| 135|0x00000000c8700000, 0x00000000c8800000, 0x00000000c8800000|100%| O|  |TAMS 0x00000000c8700000, 0x00000000c8700000| Untracked 
| 136|0x00000000c8800000, 0x00000000c8900000, 0x00000000c8900000|100%| O|  |TAMS 0x00000000c8800000, 0x00000000c8800000| Untracked 
| 137|0x00000000c8900000, 0x00000000c8900000, 0x00000000c8a00000|  0%| F|  |TAMS 0x00000000c8900000, 0x00000000c8900000| Untracked 
| 138|0x00000000c8a00000, 0x00000000c8a00000, 0x00000000c8b00000|  0%| F|  |TAMS 0x00000000c8a00000, 0x00000000c8a00000| Untracked 
| 139|0x00000000c8b00000, 0x00000000c8b00000, 0x00000000c8c00000|  0%| F|  |TAMS 0x00000000c8b00000, 0x00000000c8b00000| Untracked 
| 140|0x00000000c8c00000, 0x00000000c8c00000, 0x00000000c8d00000|  0%| F|  |TAMS 0x00000000c8c00000, 0x00000000c8c00000| Untracked 
| 141|0x00000000c8d00000, 0x00000000c8d00000, 0x00000000c8e00000|  0%| F|  |TAMS 0x00000000c8d00000, 0x00000000c8d00000| Untracked 
| 142|0x00000000c8e00000, 0x00000000c8e00000, 0x00000000c8f00000|  0%| F|  |TAMS 0x00000000c8e00000, 0x00000000c8e00000| Untracked 
| 143|0x00000000c8f00000, 0x00000000c9000000, 0x00000000c9000000|100%| O|  |TAMS 0x00000000c8f00000, 0x00000000c8f00000| Untracked 
| 144|0x00000000c9000000, 0x00000000c90e5c00, 0x00000000c9100000| 89%| O|  |TAMS 0x00000000c9000000, 0x00000000c9000000| Untracked 
| 145|0x00000000c9100000, 0x00000000c9100000, 0x00000000c9200000|  0%| F|  |TAMS 0x00000000c9100000, 0x00000000c9100000| Untracked 
| 146|0x00000000c9200000, 0x00000000c9200000, 0x00000000c9300000|  0%| F|  |TAMS 0x00000000c9200000, 0x00000000c9200000| Untracked 
| 147|0x00000000c9300000, 0x00000000c9300000, 0x00000000c9400000|  0%| F|  |TAMS 0x00000000c9300000, 0x00000000c9300000| Untracked 
| 148|0x00000000c9400000, 0x00000000c9400000, 0x00000000c9500000|  0%| F|  |TAMS 0x00000000c9400000, 0x00000000c9400000| Untracked 
| 149|0x00000000c9500000, 0x00000000c9500000, 0x00000000c9600000|  0%| F|  |TAMS 0x00000000c9500000, 0x00000000c9500000| Untracked 
| 150|0x00000000c9600000, 0x00000000c9600000, 0x00000000c9700000|  0%| F|  |TAMS 0x00000000c9600000, 0x00000000c9600000| Untracked 
| 151|0x00000000c9700000, 0x00000000c9700000, 0x00000000c9800000|  0%| F|  |TAMS 0x00000000c9700000, 0x00000000c9700000| Untracked 
| 152|0x00000000c9800000, 0x00000000c9800000, 0x00000000c9900000|  0%| F|  |TAMS 0x00000000c9800000, 0x00000000c9800000| Untracked 
| 153|0x00000000c9900000, 0x00000000c9900000, 0x00000000c9a00000|  0%| F|  |TAMS 0x00000000c9900000, 0x00000000c9900000| Untracked 
| 154|0x00000000c9a00000, 0x00000000c9a00000, 0x00000000c9b00000|  0%| F|  |TAMS 0x00000000c9a00000, 0x00000000c9a00000| Untracked 
| 155|0x00000000c9b00000, 0x00000000c9b00000, 0x00000000c9c00000|  0%| F|  |TAMS 0x00000000c9b00000, 0x00000000c9b00000| Untracked 
| 156|0x00000000c9c00000, 0x00000000c9c00000, 0x00000000c9d00000|  0%| F|  |TAMS 0x00000000c9c00000, 0x00000000c9c00000| Untracked 
| 157|0x00000000c9d00000, 0x00000000c9d00000, 0x00000000c9e00000|  0%| F|  |TAMS 0x00000000c9d00000, 0x00000000c9d00000| Untracked 
| 158|0x00000000c9e00000, 0x00000000c9e00000, 0x00000000c9f00000|  0%| F|  |TAMS 0x00000000c9e00000, 0x00000000c9e00000| Untracked 
| 159|0x00000000c9f00000, 0x00000000c9f00000, 0x00000000ca000000|  0%| F|  |TAMS 0x00000000c9f00000, 0x00000000c9f00000| Untracked 
| 160|0x00000000ca000000, 0x00000000ca000000, 0x00000000ca100000|  0%| F|  |TAMS 0x00000000ca000000, 0x00000000ca000000| Untracked 
| 161|0x00000000ca100000, 0x00000000ca100000, 0x00000000ca200000|  0%| F|  |TAMS 0x00000000ca100000, 0x00000000ca100000| Untracked 
| 162|0x00000000ca200000, 0x00000000ca200000, 0x00000000ca300000|  0%| F|  |TAMS 0x00000000ca200000, 0x00000000ca200000| Untracked 
| 163|0x00000000ca300000, 0x00000000ca300000, 0x00000000ca400000|  0%| F|  |TAMS 0x00000000ca300000, 0x00000000ca300000| Untracked 
| 164|0x00000000ca400000, 0x00000000ca400000, 0x00000000ca500000|  0%| F|  |TAMS 0x00000000ca400000, 0x00000000ca400000| Untracked 
| 165|0x00000000ca500000, 0x00000000ca500000, 0x00000000ca600000|  0%| F|  |TAMS 0x00000000ca500000, 0x00000000ca500000| Untracked 
| 166|0x00000000ca600000, 0x00000000ca600000, 0x00000000ca700000|  0%| F|  |TAMS 0x00000000ca600000, 0x00000000ca600000| Untracked 
| 167|0x00000000ca700000, 0x00000000ca700000, 0x00000000ca800000|  0%| F|  |TAMS 0x00000000ca700000, 0x00000000ca700000| Untracked 
| 168|0x00000000ca800000, 0x00000000ca800000, 0x00000000ca900000|  0%| F|  |TAMS 0x00000000ca800000, 0x00000000ca800000| Untracked 
| 169|0x00000000ca900000, 0x00000000ca900000, 0x00000000caa00000|  0%| F|  |TAMS 0x00000000ca900000, 0x00000000ca900000| Untracked 
| 170|0x00000000caa00000, 0x00000000caa00000, 0x00000000cab00000|  0%| F|  |TAMS 0x00000000caa00000, 0x00000000caa00000| Untracked 
| 171|0x00000000cab00000, 0x00000000cab00000, 0x00000000cac00000|  0%| F|  |TAMS 0x00000000cab00000, 0x00000000cab00000| Untracked 
| 172|0x00000000cac00000, 0x00000000cac00000, 0x00000000cad00000|  0%| F|  |TAMS 0x00000000cac00000, 0x00000000cac00000| Untracked 
| 173|0x00000000cad00000, 0x00000000cad00000, 0x00000000cae00000|  0%| F|  |TAMS 0x00000000cad00000, 0x00000000cad00000| Untracked 
| 174|0x00000000cae00000, 0x00000000cae00000, 0x00000000caf00000|  0%| F|  |TAMS 0x00000000cae00000, 0x00000000cae00000| Untracked 
| 175|0x00000000caf00000, 0x00000000caf00000, 0x00000000cb000000|  0%| F|  |TAMS 0x00000000caf00000, 0x00000000caf00000| Untracked 
| 176|0x00000000cb000000, 0x00000000cb000000, 0x00000000cb100000|  0%| F|  |TAMS 0x00000000cb000000, 0x00000000cb000000| Untracked 
| 177|0x00000000cb100000, 0x00000000cb100000, 0x00000000cb200000|  0%| F|  |TAMS 0x00000000cb100000, 0x00000000cb100000| Untracked 
| 178|0x00000000cb200000, 0x00000000cb200000, 0x00000000cb300000|  0%| F|  |TAMS 0x00000000cb200000, 0x00000000cb200000| Untracked 
| 179|0x00000000cb300000, 0x00000000cb300000, 0x00000000cb400000|  0%| F|  |TAMS 0x00000000cb300000, 0x00000000cb300000| Untracked 
| 180|0x00000000cb400000, 0x00000000cb400000, 0x00000000cb500000|  0%| F|  |TAMS 0x00000000cb400000, 0x00000000cb400000| Untracked 
| 181|0x00000000cb500000, 0x00000000cb500000, 0x00000000cb600000|  0%| F|  |TAMS 0x00000000cb500000, 0x00000000cb500000| Untracked 
| 182|0x00000000cb600000, 0x00000000cb600000, 0x00000000cb700000|  0%| F|  |TAMS 0x00000000cb600000, 0x00000000cb600000| Untracked 
| 183|0x00000000cb700000, 0x00000000cb700000, 0x00000000cb800000|  0%| F|  |TAMS 0x00000000cb700000, 0x00000000cb700000| Untracked 
| 184|0x00000000cb800000, 0x00000000cb800000, 0x00000000cb900000|  0%| F|  |TAMS 0x00000000cb800000, 0x00000000cb800000| Untracked 
| 185|0x00000000cb900000, 0x00000000cb900000, 0x00000000cba00000|  0%| F|  |TAMS 0x00000000cb900000, 0x00000000cb900000| Untracked 
| 186|0x00000000cba00000, 0x00000000cba00000, 0x00000000cbb00000|  0%| F|  |TAMS 0x00000000cba00000, 0x00000000cba00000| Untracked 
| 187|0x00000000cbb00000, 0x00000000cbb00000, 0x00000000cbc00000|  0%| F|  |TAMS 0x00000000cbb00000, 0x00000000cbb00000| Untracked 
| 188|0x00000000cbc00000, 0x00000000cbc00000, 0x00000000cbd00000|  0%| F|  |TAMS 0x00000000cbc00000, 0x00000000cbc00000| Untracked 
| 189|0x00000000cbd00000, 0x00000000cbd00000, 0x00000000cbe00000|  0%| F|  |TAMS 0x00000000cbd00000, 0x00000000cbd00000| Untracked 
| 190|0x00000000cbe00000, 0x00000000cbe00000, 0x00000000cbf00000|  0%| F|  |TAMS 0x00000000cbe00000, 0x00000000cbe00000| Untracked 
| 191|0x00000000cbf00000, 0x00000000cbf4e9a0, 0x00000000cc000000| 30%| S|CS|TAMS 0x00000000cbf00000, 0x00000000cbf00000| Complete 
| 192|0x00000000cc000000, 0x00000000cc000000, 0x00000000cc100000|  0%| F|  |TAMS 0x00000000cc000000, 0x00000000cc000000| Untracked 
| 193|0x00000000cc100000, 0x00000000cc100000, 0x00000000cc200000|  0%| F|  |TAMS 0x00000000cc100000, 0x00000000cc100000| Untracked 
| 194|0x00000000cc200000, 0x00000000cc200000, 0x00000000cc300000|  0%| F|  |TAMS 0x00000000cc200000, 0x00000000cc200000| Untracked 
| 195|0x00000000cc300000, 0x00000000cc300000, 0x00000000cc400000|  0%| F|  |TAMS 0x00000000cc300000, 0x00000000cc300000| Untracked 
| 196|0x00000000cc400000, 0x00000000cc400000, 0x00000000cc500000|  0%| F|  |TAMS 0x00000000cc400000, 0x00000000cc400000| Untracked 
| 197|0x00000000cc500000, 0x00000000cc500000, 0x00000000cc600000|  0%| F|  |TAMS 0x00000000cc500000, 0x00000000cc500000| Untracked 
| 198|0x00000000cc600000, 0x00000000cc600000, 0x00000000cc700000|  0%| F|  |TAMS 0x00000000cc600000, 0x00000000cc600000| Untracked 
| 199|0x00000000cc700000, 0x00000000cc700000, 0x00000000cc800000|  0%| F|  |TAMS 0x00000000cc700000, 0x00000000cc700000| Untracked 
| 200|0x00000000cc800000, 0x00000000cc800000, 0x00000000cc900000|  0%| F|  |TAMS 0x00000000cc800000, 0x00000000cc800000| Untracked 
| 201|0x00000000cc900000, 0x00000000cc900000, 0x00000000cca00000|  0%| F|  |TAMS 0x00000000cc900000, 0x00000000cc900000| Untracked 
| 202|0x00000000cca00000, 0x00000000cca00000, 0x00000000ccb00000|  0%| F|  |TAMS 0x00000000cca00000, 0x00000000cca00000| Untracked 
| 203|0x00000000ccb00000, 0x00000000ccb00000, 0x00000000ccc00000|  0%| F|  |TAMS 0x00000000ccb00000, 0x00000000ccb00000| Untracked 
| 204|0x00000000ccc00000, 0x00000000ccc00000, 0x00000000ccd00000|  0%| F|  |TAMS 0x00000000ccc00000, 0x00000000ccc00000| Untracked 
| 205|0x00000000ccd00000, 0x00000000ccd00000, 0x00000000cce00000|  0%| F|  |TAMS 0x00000000ccd00000, 0x00000000ccd00000| Untracked 
| 206|0x00000000cce00000, 0x00000000cce00000, 0x00000000ccf00000|  0%| F|  |TAMS 0x00000000cce00000, 0x00000000cce00000| Untracked 
| 207|0x00000000ccf00000, 0x00000000ccf00000, 0x00000000cd000000|  0%| F|  |TAMS 0x00000000ccf00000, 0x00000000ccf00000| Untracked 
| 208|0x00000000cd000000, 0x00000000cd000000, 0x00000000cd100000|  0%| F|  |TAMS 0x00000000cd000000, 0x00000000cd000000| Untracked 
| 209|0x00000000cd100000, 0x00000000cd100000, 0x00000000cd200000|  0%| F|  |TAMS 0x00000000cd100000, 0x00000000cd100000| Untracked 
| 210|0x00000000cd200000, 0x00000000cd200000, 0x00000000cd300000|  0%| F|  |TAMS 0x00000000cd200000, 0x00000000cd200000| Untracked 
| 211|0x00000000cd300000, 0x00000000cd300000, 0x00000000cd400000|  0%| F|  |TAMS 0x00000000cd300000, 0x00000000cd300000| Untracked 
| 212|0x00000000cd400000, 0x00000000cd400000, 0x00000000cd500000|  0%| F|  |TAMS 0x00000000cd400000, 0x00000000cd400000| Untracked 
| 213|0x00000000cd500000, 0x00000000cd500000, 0x00000000cd600000|  0%| F|  |TAMS 0x00000000cd500000, 0x00000000cd500000| Untracked 
| 214|0x00000000cd600000, 0x00000000cd600000, 0x00000000cd700000|  0%| F|  |TAMS 0x00000000cd600000, 0x00000000cd600000| Untracked 
| 215|0x00000000cd700000, 0x00000000cd700000, 0x00000000cd800000|  0%| F|  |TAMS 0x00000000cd700000, 0x00000000cd700000| Untracked 
| 216|0x00000000cd800000, 0x00000000cd800000, 0x00000000cd900000|  0%| F|  |TAMS 0x00000000cd800000, 0x00000000cd800000| Untracked 
| 217|0x00000000cd900000, 0x00000000cd900000, 0x00000000cda00000|  0%| F|  |TAMS 0x00000000cd900000, 0x00000000cd900000| Untracked 
| 218|0x00000000cda00000, 0x00000000cda00000, 0x00000000cdb00000|  0%| F|  |TAMS 0x00000000cda00000, 0x00000000cda00000| Untracked 
| 219|0x00000000cdb00000, 0x00000000cdb00000, 0x00000000cdc00000|  0%| F|  |TAMS 0x00000000cdb00000, 0x00000000cdb00000| Untracked 
| 220|0x00000000cdc00000, 0x00000000cdc00000, 0x00000000cdd00000|  0%| F|  |TAMS 0x00000000cdc00000, 0x00000000cdc00000| Untracked 
| 221|0x00000000cdd00000, 0x00000000cdd00000, 0x00000000cde00000|  0%| F|  |TAMS 0x00000000cdd00000, 0x00000000cdd00000| Untracked 
| 222|0x00000000cde00000, 0x00000000cde00000, 0x00000000cdf00000|  0%| F|  |TAMS 0x00000000cde00000, 0x00000000cde00000| Untracked 
| 223|0x00000000cdf00000, 0x00000000cdf00000, 0x00000000ce000000|  0%| F|  |TAMS 0x00000000cdf00000, 0x00000000cdf00000| Untracked 
| 224|0x00000000ce000000, 0x00000000ce000000, 0x00000000ce100000|  0%| F|  |TAMS 0x00000000ce000000, 0x00000000ce000000| Untracked 
| 225|0x00000000ce100000, 0x00000000ce100000, 0x00000000ce200000|  0%| F|  |TAMS 0x00000000ce100000, 0x00000000ce100000| Untracked 
| 226|0x00000000ce200000, 0x00000000ce200000, 0x00000000ce300000|  0%| F|  |TAMS 0x00000000ce200000, 0x00000000ce200000| Untracked 
| 227|0x00000000ce300000, 0x00000000ce300000, 0x00000000ce400000|  0%| F|  |TAMS 0x00000000ce300000, 0x00000000ce300000| Untracked 
| 228|0x00000000ce400000, 0x00000000ce400000, 0x00000000ce500000|  0%| F|  |TAMS 0x00000000ce400000, 0x00000000ce400000| Untracked 
| 229|0x00000000ce500000, 0x00000000ce500000, 0x00000000ce600000|  0%| F|  |TAMS 0x00000000ce500000, 0x00000000ce500000| Untracked 
| 230|0x00000000ce600000, 0x00000000ce600000, 0x00000000ce700000|  0%| F|  |TAMS 0x00000000ce600000, 0x00000000ce600000| Untracked 
| 231|0x00000000ce700000, 0x00000000ce700000, 0x00000000ce800000|  0%| F|  |TAMS 0x00000000ce700000, 0x00000000ce700000| Untracked 
| 232|0x00000000ce800000, 0x00000000ce800000, 0x00000000ce900000|  0%| F|  |TAMS 0x00000000ce800000, 0x00000000ce800000| Untracked 
| 233|0x00000000ce900000, 0x00000000ce900000, 0x00000000cea00000|  0%| F|  |TAMS 0x00000000ce900000, 0x00000000ce900000| Untracked 
| 234|0x00000000cea00000, 0x00000000cea00000, 0x00000000ceb00000|  0%| F|  |TAMS 0x00000000cea00000, 0x00000000cea00000| Untracked 
| 235|0x00000000ceb00000, 0x00000000ceb00000, 0x00000000cec00000|  0%| F|  |TAMS 0x00000000ceb00000, 0x00000000ceb00000| Untracked 
| 236|0x00000000cec00000, 0x00000000cec00000, 0x00000000ced00000|  0%| F|  |TAMS 0x00000000cec00000, 0x00000000cec00000| Untracked 
| 237|0x00000000ced00000, 0x00000000ced00000, 0x00000000cee00000|  0%| F|  |TAMS 0x00000000ced00000, 0x00000000ced00000| Untracked 
| 238|0x00000000cee00000, 0x00000000cee00000, 0x00000000cef00000|  0%| F|  |TAMS 0x00000000cee00000, 0x00000000cee00000| Untracked 
| 239|0x00000000cef00000, 0x00000000cef00000, 0x00000000cf000000|  0%| F|  |TAMS 0x00000000cef00000, 0x00000000cef00000| Untracked 
| 240|0x00000000cf000000, 0x00000000cf000000, 0x00000000cf100000|  0%| F|  |TAMS 0x00000000cf000000, 0x00000000cf000000| Untracked 
| 241|0x00000000cf100000, 0x00000000cf100000, 0x00000000cf200000|  0%| F|  |TAMS 0x00000000cf100000, 0x00000000cf100000| Untracked 
| 242|0x00000000cf200000, 0x00000000cf200000, 0x00000000cf300000|  0%| F|  |TAMS 0x00000000cf200000, 0x00000000cf200000| Untracked 
| 243|0x00000000cf300000, 0x00000000cf300000, 0x00000000cf400000|  0%| F|  |TAMS 0x00000000cf300000, 0x00000000cf300000| Untracked 
| 244|0x00000000cf400000, 0x00000000cf400000, 0x00000000cf500000|  0%| F|  |TAMS 0x00000000cf400000, 0x00000000cf400000| Untracked 
| 245|0x00000000cf500000, 0x00000000cf500000, 0x00000000cf600000|  0%| F|  |TAMS 0x00000000cf500000, 0x00000000cf500000| Untracked 
| 246|0x00000000cf600000, 0x00000000cf600000, 0x00000000cf700000|  0%| F|  |TAMS 0x00000000cf600000, 0x00000000cf600000| Untracked 
| 247|0x00000000cf700000, 0x00000000cf700000, 0x00000000cf800000|  0%| F|  |TAMS 0x00000000cf700000, 0x00000000cf700000| Untracked 
| 248|0x00000000cf800000, 0x00000000cf800000, 0x00000000cf900000|  0%| F|  |TAMS 0x00000000cf800000, 0x00000000cf800000| Untracked 
| 249|0x00000000cf900000, 0x00000000cf900000, 0x00000000cfa00000|  0%| F|  |TAMS 0x00000000cf900000, 0x00000000cf900000| Untracked 
| 250|0x00000000cfa00000, 0x00000000cfa00000, 0x00000000cfb00000|  0%| F|  |TAMS 0x00000000cfa00000, 0x00000000cfa00000| Untracked 
| 251|0x00000000cfb00000, 0x00000000cfb00000, 0x00000000cfc00000|  0%| F|  |TAMS 0x00000000cfb00000, 0x00000000cfb00000| Untracked 
| 252|0x00000000cfc00000, 0x00000000cfc00000, 0x00000000cfd00000|  0%| F|  |TAMS 0x00000000cfc00000, 0x00000000cfc00000| Untracked 
| 253|0x00000000cfd00000, 0x00000000cfd00000, 0x00000000cfe00000|  0%| F|  |TAMS 0x00000000cfd00000, 0x00000000cfd00000| Untracked 
| 254|0x00000000cfe00000, 0x00000000cfe00000, 0x00000000cff00000|  0%| F|  |TAMS 0x00000000cfe00000, 0x00000000cfe00000| Untracked 
| 255|0x00000000cff00000, 0x00000000cff00000, 0x00000000d0000000|  0%| F|  |TAMS 0x00000000cff00000, 0x00000000cff00000| Untracked 
|1021|0x00000000ffd00000, 0x00000000ffe00000, 0x00000000ffe00000|100%| O|  |TAMS 0x00000000ffd00000, 0x00000000ffd00000| Untracked 
|1022|0x00000000ffe00000, 0x00000000fff00000, 0x00000000fff00000|100%| O|  |TAMS 0x00000000ffe00000, 0x00000000ffe00000| Untracked 
|1023|0x00000000fff00000, 0x0000000100000000, 0x0000000100000000|100%| O|  |TAMS 0x00000000fff00000, 0x00000000fff00000| Untracked 

Card table byte_map: [0x000001dfffd50000,0x000001dffff50000] _byte_map_base: 0x000001dfff750000

Marking Bits (Prev, Next): (CMBitMap*) 0x000001dfffad6f40, (CMBitMap*) 0x000001dfffad6f00
 Prev Bits: [0x000001df98e00000, 0x000001df99e00000)
 Next Bits: [0x000001df97e00000, 0x000001df98e00000)

Polling page: 0x000001dffee90000

Metaspace:

Usage:
  Non-class:     97.37 MB used.
      Class:     15.14 MB used.
       Both:    112.50 MB used.

Virtual space:
  Non-class space:      128.00 MB reserved,      97.94 MB ( 77%) committed,  2 nodes.
      Class space:        1.00 GB reserved,      15.62 MB (  2%) committed,  1 nodes.
             Both:        1.12 GB reserved,     113.56 MB ( 10%) committed. 

Chunk freelists:
   Non-Class:  13.48 MB
       Class:  428.00 KB
        Both:  13.90 MB

MaxMetaspaceSize: unlimited
CompressedClassSpaceSize: 1.00 GB
Initial GC threshold: 21.00 MB
Current GC threshold: 188.38 MB
CDS: on
MetaspaceReclaimPolicy: balanced
 - commit_granule_bytes: 65536.
 - commit_granule_words: 8192.
 - virtual_space_node_default_size: 8388608.
 - enlarge_chunks_in_place: 1.
 - new_chunks_are_fully_committed: 0.
 - uncommit_free_chunks: 1.
 - use_allocation_guard: 0.
 - handle_deallocations: 1.


Internal statistics:

num_allocs_failed_limit: 12.
num_arena_births: 1740.
num_arena_deaths: 216.
num_vsnodes_births: 3.
num_vsnodes_deaths: 0.
num_space_committed: 1814.
num_space_uncommitted: 0.
num_chunks_returned_to_freelist: 304.
num_chunks_taken_from_freelist: 5981.
num_chunk_merges: 75.
num_chunk_splits: 4132.
num_chunks_enlarged: 3055.
num_inconsistent_stats: 0.

CodeHeap 'non-profiled nmethods': size=120000Kb used=4823Kb max_used=4823Kb free=115176Kb
 bounds [0x000001df906d0000, 0x000001df90b90000, 0x000001df97c00000]
CodeHeap 'profiled nmethods': size=120000Kb used=16364Kb max_used=16364Kb free=103635Kb
 bounds [0x000001df88c00000, 0x000001df89c00000, 0x000001df90130000]
CodeHeap 'non-nmethods': size=5760Kb used=1604Kb max_used=1663Kb free=4155Kb
 bounds [0x000001df90130000, 0x000001df903a0000, 0x000001df906d0000]
 total_blobs=9852 nmethods=8861 adapters=902
 compilation: enabled
              stopped_count=0, restarted_count=0
 full_count=0

Compilation events (20 events):
Event: 34.959 Thread 0x000001df9c32de40 9749       3       org.codehaus.janino.util.AbstractTraverser$4::visitQualifiedThisReference (15 bytes)
Event: 34.959 Thread 0x000001df9c32de40 nmethod 9749 0x000001df89bf1a10 code [0x000001df89bf1be0, 0x000001df89bf1fd8]
Event: 34.959 Thread 0x000001df9c32de40 9752       3       org.codehaus.janino.UnitCompiler::getSingleTypeImport (295 bytes)
Event: 34.964 Thread 0x000001df9c32de40 nmethod 9752 0x000001df89bf2190 code [0x000001df89bf2660, 0x000001df89bf4cb8]
Event: 34.964 Thread 0x000001df9c32de40 9753       3       org.codehaus.janino.util.ClassFile$ConstantNameAndTypeInfo::equals (41 bytes)
Event: 34.964 Thread 0x000001df9c32de40 nmethod 9753 0x000001df89bf5990 code [0x000001df89bf5b40, 0x000001df89bf6038]
Event: 34.965 Thread 0x000001df9c32de40 9754       3       org.codehaus.janino.UnitCompiler::compileSet (14 bytes)
Event: 34.965 Thread 0x000001df9c32de40 nmethod 9754 0x000001df89bf6190 code [0x000001df89bf6340, 0x000001df89bf6688]
Event: 34.965 Thread 0x000001df9c32de40 9755       3       org.codehaus.janino.UnitCompiler$22::<init> (10 bytes)
Event: 34.966 Thread 0x000001df9c32de40 nmethod 9755 0x000001df89bf6810 code [0x000001df89bf69a0, 0x000001df89bf6b78]
Event: 34.966 Thread 0x000001df9c32de40 9756       3       org.codehaus.janino.UnitCompiler$16$1::visitLocalVariableAccess (6 bytes)
Event: 34.967 Thread 0x000001df9c32de40 nmethod 9756 0x000001df89bf6c90 code [0x000001df89bf6e60, 0x000001df89bf7248]
Event: 34.970 Thread 0x000001df9c32de40 9757       1       com.fasterxml.jackson.core.json.JsonReadContext::getCurrentName (5 bytes)
Event: 34.970 Thread 0x000001df9c32de40 nmethod 9757 0x000001df90b85c90 code [0x000001df90b85e20, 0x000001df90b85ef8]
Event: 34.973 Thread 0x000001df9c32de40 9758       3       java.util.concurrent.locks.ReentrantLock::lockInterruptibly (8 bytes)
Event: 34.974 Thread 0x000001df9c32de40 nmethod 9758 0x000001df89bf7490 code [0x000001df89bf7680, 0x000001df89bf7b38]
Event: 34.975 Thread 0x000001df9c32de40 9759       3       java.util.concurrent.atomic.AtomicReferenceArray::lazySet (13 bytes)
Event: 34.979 Thread 0x000001df9c32de40 nmethod 9759 0x000001df89bf7d10 code [0x000001df89bf8020, 0x000001df89bf9278]
Event: 34.979 Thread 0x000001df9c32de40 9760       3       java.lang.invoke.VarHandleReferences$Array::setRelease (61 bytes)
Event: 34.981 Thread 0x000001df9c32de40 nmethod 9760 0x000001df89bf9990 code [0x000001df89bf9c60, 0x000001df89bfab78]

GC Heap History (20 events):
Event: 31.437 GC heap after
{Heap after GC invocations=32 (full 0):
 garbage-first heap   total 109568K, used 54299K [0x00000000c0000000, 0x0000000100000000)
  region size 1024K, 2 young (2048K), 2 survivors (2048K)
 Metaspace       used 112484K, committed 113408K, reserved 1179648K
  class space    used 15159K, committed 15616K, reserved 1048576K
}
Event: 31.709 GC heap before
{Heap before GC invocations=33 (full 0):
 garbage-first heap   total 109568K, used 66587K [0x00000000c0000000, 0x0000000100000000)
  region size 1024K, 10 young (10240K), 2 survivors (2048K)
 Metaspace       used 112874K, committed 113920K, reserved 1179648K
  class space    used 15201K, committed 15680K, reserved 1048576K
}
Event: 31.717 GC heap after
{Heap after GC invocations=34 (full 0):
 garbage-first heap   total 109568K, used 54860K [0x00000000c0000000, 0x0000000100000000)
  region size 1024K, 3 young (3072K), 3 survivors (3072K)
 Metaspace       used 112874K, committed 113920K, reserved 1179648K
  class space    used 15201K, committed 15680K, reserved 1048576K
}
Event: 32.220 GC heap before
{Heap before GC invocations=35 (full 0):
 garbage-first heap   total 109568K, used 70220K [0x00000000c0000000, 0x0000000100000000)
  region size 1024K, 15 young (15360K), 3 survivors (3072K)
 Metaspace       used 113498K, committed 114496K, reserved 1179648K
  class space    used 15280K, committed 15744K, reserved 1048576K
}
Event: 32.229 GC heap after
{Heap after GC invocations=36 (full 0):
 garbage-first heap   total 109568K, used 56373K [0x00000000c0000000, 0x0000000100000000)
  region size 1024K, 4 young (4096K), 4 survivors (4096K)
 Metaspace       used 113498K, committed 114496K, reserved 1179648K
  class space    used 15280K, committed 15744K, reserved 1048576K
}
Event: 33.063 GC heap before
{Heap before GC invocations=37 (full 0):
 garbage-first heap   total 135168K, used 109621K [0x00000000c0000000, 0x0000000100000000)
  region size 1024K, 35 young (35840K), 4 survivors (4096K)
 Metaspace       used 114187K, committed 115200K, reserved 1179648K
  class space    used 15351K, committed 15808K, reserved 1048576K
}
Event: 33.074 GC heap after
{Heap after GC invocations=38 (full 0):
 garbage-first heap   total 135168K, used 78282K [0x00000000c0000000, 0x0000000100000000)
  region size 1024K, 3 young (3072K), 3 survivors (3072K)
 Metaspace       used 114187K, committed 115200K, reserved 1179648K
  class space    used 15351K, committed 15808K, reserved 1048576K
}
Event: 33.651 GC heap before
{Heap before GC invocations=38 (full 0):
 garbage-first heap   total 135168K, used 110026K [0x00000000c0000000, 0x0000000100000000)
  region size 1024K, 35 young (35840K), 3 survivors (3072K)
 Metaspace       used 114631K, committed 115648K, reserved 1179648K
  class space    used 15434K, committed 15936K, reserved 1048576K
}
Event: 33.661 GC heap after
{Heap after GC invocations=39 (full 0):
 garbage-first heap   total 138240K, used 102050K [0x00000000c0000000, 0x0000000100000000)
  region size 1024K, 5 young (5120K), 5 survivors (5120K)
 Metaspace       used 114631K, committed 115648K, reserved 1179648K
  class space    used 15434K, committed 15936K, reserved 1048576K
}
Event: 33.757 GC heap before
{Heap before GC invocations=39 (full 0):
 garbage-first heap   total 138240K, used 109218K [0x00000000c0000000, 0x0000000100000000)
  region size 1024K, 13 young (13312K), 5 survivors (5120K)
 Metaspace       used 114653K, committed 115712K, reserved 1179648K
  class space    used 15434K, committed 15936K, reserved 1048576K
}
Event: 33.763 GC heap after
{Heap after GC invocations=40 (full 0):
 garbage-first heap   total 138240K, used 110324K [0x00000000c0000000, 0x0000000100000000)
  region size 1024K, 2 young (2048K), 2 survivors (2048K)
 Metaspace       used 114653K, committed 115712K, reserved 1179648K
  class space    used 15434K, committed 15936K, reserved 1048576K
}
Event: 33.777 GC heap before
{Heap before GC invocations=40 (full 0):
 garbage-first heap   total 138240K, used 113396K [0x00000000c0000000, 0x0000000100000000)
  region size 1024K, 6 young (6144K), 2 survivors (2048K)
 Metaspace       used 114653K, committed 115712K, reserved 1179648K
  class space    used 15434K, committed 15936K, reserved 1048576K
}
Event: 33.779 GC heap after
{Heap after GC invocations=41 (full 0):
 garbage-first heap   total 138240K, used 114864K [0x00000000c0000000, 0x0000000100000000)
  region size 1024K, 1 young (1024K), 1 survivors (1024K)
 Metaspace       used 114653K, committed 115712K, reserved 1179648K
  class space    used 15434K, committed 15936K, reserved 1048576K
}
Event: 33.801 GC heap before
{Heap before GC invocations=41 (full 0):
 garbage-first heap   total 138240K, used 118960K [0x00000000c0000000, 0x0000000100000000)
  region size 1024K, 6 young (6144K), 1 survivors (1024K)
 Metaspace       used 114679K, committed 115712K, reserved 1179648K
  class space    used 15434K, committed 15936K, reserved 1048576K
}
Event: 33.804 GC heap after
{Heap after GC invocations=42 (full 0):
 garbage-first heap   total 138240K, used 120169K [0x00000000c0000000, 0x0000000100000000)
  region size 1024K, 1 young (1024K), 1 survivors (1024K)
 Metaspace       used 114679K, committed 115712K, reserved 1179648K
  class space    used 15434K, committed 15936K, reserved 1048576K
}
Event: 33.849 GC heap before
{Heap before GC invocations=42 (full 0):
 garbage-first heap   total 206848K, used 124265K [0x00000000c0000000, 0x0000000100000000)
  region size 1024K, 6 young (6144K), 1 survivors (1024K)
 Metaspace       used 114727K, committed 115776K, reserved 1179648K
  class space    used 15446K, committed 15936K, reserved 1048576K
}
Event: 33.852 GC heap after
{Heap after GC invocations=43 (full 0):
 garbage-first heap   total 206848K, used 125240K [0x00000000c0000000, 0x0000000100000000)
  region size 1024K, 1 young (1024K), 1 survivors (1024K)
 Metaspace       used 114727K, committed 115776K, reserved 1179648K
  class space    used 15446K, committed 15936K, reserved 1048576K
}
Event: 33.998 GC heap before
{Heap before GC invocations=44 (full 0):
 garbage-first heap   total 206848K, used 147768K [0x00000000c0000000, 0x0000000100000000)
  region size 1024K, 24 young (24576K), 1 survivors (1024K)
 Metaspace       used 114747K, committed 115776K, reserved 1179648K
  class space    used 15448K, committed 15936K, reserved 1048576K
}
Event: 34.011 GC heap after
{Heap after GC invocations=45 (full 0):
 garbage-first heap   total 206848K, used 146019K [0x00000000c0000000, 0x0000000100000000)
  region size 1024K, 3 young (3072K), 3 survivors (3072K)
 Metaspace       used 114747K, committed 115776K, reserved 1179648K
  class space    used 15448K, committed 15936K, reserved 1048576K
}
Event: 34.981 GC heap before
{Heap before GC invocations=45 (full 0):
 garbage-first heap   total 206848K, used 159331K [0x00000000c0000000, 0x0000000100000000)
  region size 1024K, 10 young (10240K), 3 survivors (3072K)
 Metaspace       used 115203K, committed 116288K, reserved 1179648K
  class space    used 15500K, committed 16000K, reserved 1048576K
}

Deoptimization events (20 events):
Event: 34.725 Thread 0x000001dfeaa01450 DEOPT PACKING pc=0x000001df90b6fc04 sp=0x00000081794fe260
Event: 34.725 Thread 0x000001dfeaa01450 DEOPT UNPACKING pc=0x000001df901823a3 sp=0x00000081794fe1e0 mode 2
Event: 34.726 Thread 0x000001dfeaa01450 Uncommon trap: trap_request=0xffffffc6 fr.pc=0x000001df90b6fa68 relative=0x0000000000000b48
Event: 34.726 Thread 0x000001dfeaa01450 Uncommon trap: reason=bimorphic_or_optimized_type_check action=maybe_recompile pc=0x000001df90b6fa68 method=java.io.BufferedOutputStream.flush()V @ 8 c2
Event: 34.726 Thread 0x000001dfeaa01450 DEOPT PACKING pc=0x000001df90b6fa68 sp=0x00000081794fe230
Event: 34.726 Thread 0x000001dfeaa01450 DEOPT UNPACKING pc=0x000001df901823a3 sp=0x00000081794fe228 mode 2
Event: 34.730 Thread 0x000001dfeaa04c00 Uncommon trap: trap_request=0xffffffc6 fr.pc=0x000001df90b6fc04 relative=0x0000000000000ce4
Event: 34.730 Thread 0x000001dfeaa04c00 Uncommon trap: reason=bimorphic_or_optimized_type_check action=maybe_recompile pc=0x000001df90b6fc04 method=java.io.BufferedOutputStream.flushBuffer()V @ 20 c2
Event: 34.730 Thread 0x000001dfeaa04c00 DEOPT PACKING pc=0x000001df90b6fc04 sp=0x00000081760fe740
Event: 34.730 Thread 0x000001dfeaa04c00 DEOPT UNPACKING pc=0x000001df901823a3 sp=0x00000081760fe6c0 mode 2
Event: 34.730 Thread 0x000001dfeaa04c00 Uncommon trap: trap_request=0xffffffc6 fr.pc=0x000001df90b6fa68 relative=0x0000000000000b48
Event: 34.730 Thread 0x000001dfeaa04c00 Uncommon trap: reason=bimorphic_or_optimized_type_check action=maybe_recompile pc=0x000001df90b6fa68 method=java.io.BufferedOutputStream.flush()V @ 8 c2
Event: 34.730 Thread 0x000001dfeaa04c00 DEOPT PACKING pc=0x000001df90b6fa68 sp=0x00000081760fe710
Event: 34.730 Thread 0x000001dfeaa04c00 DEOPT UNPACKING pc=0x000001df901823a3 sp=0x00000081760fe708 mode 2
Event: 34.735 Thread 0x000001dfeaa01450 DEOPT PACKING pc=0x000001df8951b6f3 sp=0x00000081794fef60
Event: 34.735 Thread 0x000001dfeaa01450 DEOPT UNPACKING pc=0x000001df90182b43 sp=0x00000081794fe400 mode 3
Event: 34.737 Thread 0x000001dfeaa04c00 Uncommon trap: trap_request=0xffffffc6 fr.pc=0x000001df90b6fc04 relative=0x0000000000000ce4
Event: 34.737 Thread 0x000001dfeaa04c00 Uncommon trap: reason=bimorphic_or_optimized_type_check action=maybe_recompile pc=0x000001df90b6fc04 method=java.io.BufferedOutputStream.flushBuffer()V @ 20 c2
Event: 34.737 Thread 0x000001dfeaa04c00 DEOPT PACKING pc=0x000001df90b6fc04 sp=0x00000081760fe580
Event: 34.737 Thread 0x000001dfeaa04c00 DEOPT UNPACKING pc=0x000001df901823a3 sp=0x00000081760fe500 mode 2

Classes unloaded (20 events):
Event: 30.277 Thread 0x000001df9c30b020 Unloading class 0x000001df9ee05c00 'java/lang/invoke/LambdaForm$MH+0x000001df9ee05c00'
Event: 30.277 Thread 0x000001df9c30b020 Unloading class 0x000001df9ee05400 'java/lang/invoke/LambdaForm$DMH+0x000001df9ee05400'
Event: 30.277 Thread 0x000001df9c30b020 Unloading class 0x000001df9ee04400 'java/lang/invoke/LambdaForm$MH+0x000001df9ee04400'
Event: 30.277 Thread 0x000001df9c30b020 Unloading class 0x000001df9ee04c00 'java/lang/invoke/LambdaForm$MH+0x000001df9ee04c00'
Event: 30.277 Thread 0x000001df9c30b020 Unloading class 0x000001df9ee04000 'java/lang/invoke/LambdaForm$MH+0x000001df9ee04000'
Event: 30.277 Thread 0x000001df9c30b020 Unloading class 0x000001df9ee03000 'java/lang/invoke/LambdaForm$MH+0x000001df9ee03000'
Event: 30.277 Thread 0x000001df9c30b020 Unloading class 0x000001df9ee03400 'java/lang/invoke/LambdaForm$MH+0x000001df9ee03400'
Event: 30.277 Thread 0x000001df9c30b020 Unloading class 0x000001df9ee02800 'java/lang/invoke/LambdaForm$MH+0x000001df9ee02800'
Event: 30.277 Thread 0x000001df9c30b020 Unloading class 0x000001df9ee02400 'java/lang/invoke/LambdaForm$MH+0x000001df9ee02400'
Event: 30.277 Thread 0x000001df9c30b020 Unloading class 0x000001df9ee01c00 'java/lang/invoke/LambdaForm$MH+0x000001df9ee01c00'
Event: 30.277 Thread 0x000001df9c30b020 Unloading class 0x000001df9ee01800 'java/lang/invoke/LambdaForm$MH+0x000001df9ee01800'
Event: 30.277 Thread 0x000001df9c30b020 Unloading class 0x000001df9ee01400 'java/lang/invoke/LambdaForm$DMH+0x000001df9ee01400'
Event: 30.277 Thread 0x000001df9c30b020 Unloading class 0x000001df9ee01000 'java/lang/invoke/LambdaForm$DMH+0x000001df9ee01000'
Event: 30.277 Thread 0x000001df9c30b020 Unloading class 0x000001df9ee00400 'java/lang/invoke/LambdaForm$MH+0x000001df9ee00400'
Event: 30.277 Thread 0x000001df9c30b020 Unloading class 0x000001df9ee00000 'java/lang/invoke/LambdaForm$MH+0x000001df9ee00000'
Event: 30.277 Thread 0x000001df9c30b020 Unloading class 0x000001df9ede8400 'java/lang/invoke/LambdaForm$MH+0x000001df9ede8400'
Event: 30.277 Thread 0x000001df9c30b020 Unloading class 0x000001df9ede8000 'java/lang/invoke/LambdaForm$MH+0x000001df9ede8000'
Event: 30.277 Thread 0x000001df9c30b020 Unloading class 0x000001df9ede5800 'java/lang/invoke/LambdaForm$DMH+0x000001df9ede5800'
Event: 30.277 Thread 0x000001df9c30b020 Unloading class 0x000001df9ede5400 'java/lang/invoke/LambdaForm$DMH+0x000001df9ede5400'
Event: 30.277 Thread 0x000001df9c30b020 Unloading class 0x000001df9ede4800 'java/lang/invoke/LambdaForm$DMH+0x000001df9ede4800'

Classes redefined (0 events):
No events

Internal exceptions (20 events):
Event: 31.614 Thread 0x000001dfe454f500 Exception <a 'java/lang/NoSuchMethodError'{0x00000000cd20ce90}: static Lscala/Enumeration;.<clinit>()V> (0x00000000cd20ce90) 
thrown [s\open\src\hotspot\share\prims\jni.cpp, line 1112]
Event: 31.625 Thread 0x000001dfe454f500 Exception <a 'java/lang/NoSuchMethodError'{0x00000000cd251258}: static Lorg/apache/spark/sql/catalyst/expressions/SortOrder;.<clinit>()V> (0x00000000cd251258) 
thrown [s\open\src\hotspot\share\prims\jni.cpp, line 1112]
Event: 31.657 Thread 0x000001dfe454f500 Exception <a 'java/lang/NoSuchMethodError'{0x00000000cd2640d0}: static Lorg/apache/spark/sql/catalyst/expressions/SortDirection;.<clinit>()V> (0x00000000cd2640d0) 
thrown [s\open\src\hotspot\share\prims\jni.cpp, line 1112]
Event: 31.660 Thread 0x000001dfe454f500 Exception <a 'java/lang/NoSuchMethodError'{0x00000000cd2703e0}: static Lorg/apache/spark/sql/catalyst/expressions/NullOrdering;.<clinit>()V> (0x00000000cd2703e0) 
thrown [s\open\src\hotspot\share\prims\jni.cpp, line 1112]
Event: 31.691 Thread 0x000001dfe2eeea80 Exception <a 'java/lang/NoSuchMethodError'{0x00000000c645ebc8}: static Lorg/apache/spark/sql/execution/aggregate/SortAggregateExec;.<clinit>()V> (0x00000000c645ebc8) 
thrown [s\open\src\hotspot\share\prims\jni.cpp, line 1112]
Event: 31.694 Thread 0x000001dfe2eeea80 Exception <a 'java/lang/NoSuchMethodError'{0x00000000c6484f58}: static Lorg/apache/spark/sql/types/BooleanType;.<clinit>()V> (0x00000000c6484f58) 
thrown [s\open\src\hotspot\share\prims\jni.cpp, line 1112]
Event: 31.697 Thread 0x000001dfe2eeea80 Exception <a 'java/lang/NoSuchMethodError'{0x00000000c64976f0}: static Lorg/apache/spark/sql/catalyst/expressions/aggregate/AggregateExpression;.<clinit>()V> (0x00000000c64976f0) 
thrown [s\open\src\hotspot\share\prims\jni.cpp, line 1112]
Event: 31.702 Thread 0x000001dfe2eeea80 Exception <a 'java/lang/NoSuchMethodError'{0x00000000c64c3458}: static Lorg/apache/spark/sql/catalyst/expressions/aggregate/First;.<clinit>()V> (0x00000000c64c3458) 
thrown [s\open\src\hotspot\share\prims\jni.cpp, line 1112]
Event: 31.702 Thread 0x000001dfe2eeea80 Exception <a 'java/lang/NoSuchMethodError'{0x00000000c64cc350}: static Lorg/apache/spark/sql/catalyst/expressions/aggregate/DeclarativeAggregate;.<clinit>()V> (0x00000000c64cc350) 
thrown [s\open\src\hotspot\share\prims\jni.cpp, line 1112]
Event: 31.703 Thread 0x000001dfe2eeea80 Exception <a 'java/lang/NoSuchMethodError'{0x00000000c64d8510}: static Ljava/lang/Object;.<clinit>()V> (0x00000000c64d8510) 
thrown [s\open\src\hotspot\share\prims\jni.cpp, line 1112]
Event: 31.704 Thread 0x000001dfe2eeea80 Exception <a 'java/lang/NoSuchMethodError'{0x00000000c64e8998}: static Lorg/apache/spark/sql/catalyst/plans/physical/HashPartitioning;.<clinit>()V> (0x00000000c64e8998) 
thrown [s\open\src\hotspot\share\prims\jni.cpp, line 1112]
Event: 31.820 Thread 0x000001dfea9fe6c0 Exception <a 'java/lang/NoSuchMethodError'{0x00000000cd54ccd0}: 'java.lang.Object java.lang.invoke.Invokers$Holder.invoke_MT(java.lang.Object, java.lang.Object, java.lang.Object, java.lang.Object, java.lang.Object, java.lang.Object, java.lang.Object, java.lang.Object, java.lang.Object)'> (0x00000000cd54ccd0) 
thrown [s\open\src\hotspot\share\interpreter\linkResolver.cpp, line 759]
Event: 32.137 Thread 0x000001dfeaa04c00 Exception <a 'java/lang/NoSuchMethodError'{0x00000000c63e3048}: 'long java.lang.invoke.DirectMethodHandle$Holder.invokeStatic(java.lang.Object, long, java.lang.Object, long)'> (0x00000000c63e3048) 
thrown [s\open\src\hotspot\share\interpreter\linkResolver.cpp, line 759]
Event: 32.762 Thread 0x000001dfe46303d0 Exception <a 'java/io/IOException'{0x00000000cd485d50}: CreateProcess error=2, The system cannot find the file specified> (0x00000000cd485d50) 
thrown [s\open\src\hotspot\share\prims\jni.cpp, line 535]
Event: 32.766 Thread 0x000001dfe46303d0 Exception <a 'sun/nio/fs/WindowsException'{0x00000000c7ae1568}> (0x00000000c7ae1568) 
thrown [s\open\src\hotspot\share\prims\jni.cpp, line 516]
Event: 32.766 Thread 0x000001dfe46303d0 Exception <a 'sun/nio/fs/WindowsException'{0x00000000c7ae16b0}> (0x00000000c7ae16b0) 
thrown [s\open\src\hotspot\share\prims\jni.cpp, line 516]
Event: 33.854 Thread 0x000001dfead11060 Exception <a 'java/lang/NoSuchMethodError'{0x00000000cff2fcf0}: 'void java.lang.invoke.DirectMethodHandle$Holder.invokeStatic(java.lang.Object, java.lang.Object, int, long)'> (0x00000000cff2fcf0) 
thrown [s\open\src\hotspot\share\interpreter\linkResolver.cpp, line 759]
Event: 34.810 Thread 0x000001dfe454f500 Exception <a 'java/lang/NoSuchMethodError'{0x00000000cd5ab378}: 'java.lang.Object java.lang.invoke.DirectMethodHandle$Holder.newInvokeSpecial(java.lang.Object, java.lang.Object, long, long, long)'> (0x00000000cd5ab378) 
thrown [s\open\src\hotspot\share\interpreter\linkResolver.cpp, line 759]
Event: 34.876 Thread 0x000001dfe454f500 Exception <a 'java/lang/NoSuchMethodError'{0x00000000cd300bd0}: 'java.lang.Object java.lang.invoke.DirectMethodHandle$Holder.newInvokeSpecial(java.lang.Object, java.lang.Object, java.lang.Object, java.lang.Object, java.lang.Object, java.lang.Object, java.lang.Object, java.lang.Object, java.lang.Object)'> (0x00000000cd300bd0) 
thrown [s\open\src\hotspot\share\interpreter\linkResolver.cpp, line 759]
Event: 34.877 Thread 0x000001dfe454f500 Exception <a 'java/lang/NoSuchMethodError'{0x00000000cd305dd0}: 'java.lang.Object java.lang.invoke.Invokers$Holder.linkToTargetMethod(java.lang.Object, java.lang.Object, java.lang.Object, java.lang.Object, java.lang.Object, java.lang.Object, java.lang.Object, java.lang.Object, java.lang.Object)'> (0x00000000cd305dd0) 
thrown [s\open\src\hotspot\share\interpreter\linkResolver.cpp, line 759]

VM Operations (20 events):
Event: 33.079 Executing VM operation: G1CollectForAllocation done
Event: 33.650 Executing VM operation: G1CollectForAllocation
Event: 33.662 Executing VM operation: G1CollectForAllocation done
Event: 33.757 Executing VM operation: G1CollectForAllocation
Event: 33.763 Executing VM operation: G1CollectForAllocation done
Event: 33.777 Executing VM operation: G1CollectForAllocation
Event: 33.780 Executing VM operation: G1CollectForAllocation done
Event: 33.801 Executing VM operation: G1CollectForAllocation
Event: 33.804 Executing VM operation: G1CollectForAllocation done
Event: 33.816 Executing VM operation: G1Concurrent
Event: 33.826 Executing VM operation: G1Concurrent done
Event: 33.847 Executing VM operation: G1CollectForAllocation
Event: 33.853 Executing VM operation: G1CollectForAllocation done
Event: 33.925 Executing VM operation: G1Concurrent
Event: 33.926 Executing VM operation: G1Concurrent done
Event: 33.997 Executing VM operation: G1CollectForAllocation
Event: 34.013 Executing VM operation: G1CollectForAllocation done
Event: 34.940 Executing VM operation: ICBufferFull
Event: 34.941 Executing VM operation: ICBufferFull done
Event: 34.981 Executing VM operation: G1CollectForAllocation

Events (20 events):
Event: 33.294 loading class java/lang/org done
Event: 33.825 Thread 0x000001dfe4de9580 Thread exited: 0x000001dfe4de9580
Event: 33.834 Thread 0x000001dfead11060 Thread added: 0x000001dfead11060
Event: 33.839 Thread 0x000001dfeae0d170 Thread added: 0x000001dfeae0d170
Event: 33.861 Thread 0x000001dfeae0b820 Thread added: 0x000001dfeae0b820
Event: 33.861 Thread 0x000001dfeae099c0 Thread added: 0x000001dfeae099c0
Event: 33.880 Thread 0x000001dfeaa06040 Thread added: 0x000001dfeaa06040
Event: 33.890 Thread 0x000001dfe4184d80 Thread added: 0x000001dfe4184d80
Event: 33.906 Thread 0x000001dfeae0b310 Thread added: 0x000001dfeae0b310
Event: 33.907 Thread 0x000001dfeae0c750 Thread added: 0x000001dfeae0c750
Event: 33.917 Thread 0x000001dfeae09ed0 Thread added: 0x000001dfeae09ed0
Event: 33.924 Thread 0x000001dfead14300 Thread added: 0x000001dfead14300
Event: 33.992 Thread 0x000001dfeaacfc30 Thread added: 0x000001dfeaacfc30
Event: 34.391 Thread 0x000001dfeaacfc30 Thread exited: 0x000001dfeaacfc30
Event: 34.765 Thread 0x000001dfeae0c240 Thread added: 0x000001dfeae0c240
Event: 34.846 loading class java/math/BigDecimal$StringBuilderHelper
Event: 34.846 loading class java/math/BigDecimal$StringBuilderHelper done
Event: 34.881 Thread 0x000001dfeaad0180 Thread added: 0x000001dfeaad0180
Event: 34.950 loading class java/lang/org
Event: 34.950 loading class java/lang/org done


Dynamic libraries:
0x00007ff69df60000 - 0x00007ff69df70000 	C:\Program Files\Java\jdk-17\bin\java.exe
0x00007ffa5c290000 - 0x00007ffa5c488000 	C:\Windows\SYSTEM32\ntdll.dll
0x00007ffa56280000 - 0x00007ffa562a1000 	C:\Program Files\Avast Software\Avast\aswhook.dll
0x00007ffa5b3b0000 - 0x00007ffa5b472000 	C:\Windows\System32\KERNEL32.DLL
0x00007ffa59a00000 - 0x00007ffa59cf6000 	C:\Windows\System32\KERNELBASE.dll
0x00007ffa5a1b0000 - 0x00007ffa5a2b0000 	C:\Windows\System32\ucrtbase.dll
0x00007ffa305e0000 - 0x00007ffa305f9000 	C:\Program Files\Java\jdk-17\bin\jli.dll
0x00007ffa30390000 - 0x00007ffa303ab000 	C:\Program Files\Java\jdk-17\bin\VCRUNTIME140.dll
0x00007ffa5b5f0000 - 0x00007ffa5b6a1000 	C:\Windows\System32\ADVAPI32.dll
0x00007ffa5bfd0000 - 0x00007ffa5c06e000 	C:\Windows\System32\msvcrt.dll
0x00007ffa5a4e0000 - 0x00007ffa5a57f000 	C:\Windows\System32\sechost.dll
0x00007ffa5acc0000 - 0x00007ffa5ade0000 	C:\Windows\System32\RPCRT4.dll
0x00007ffa5a150000 - 0x00007ffa5a177000 	C:\Windows\System32\bcrypt.dll
0x00007ffa5ab10000 - 0x00007ffa5acb1000 	C:\Windows\System32\USER32.dll
0x00007ffa5a180000 - 0x00007ffa5a1a2000 	C:\Windows\System32\win32u.dll
0x00007ffa5ade0000 - 0x00007ffa5ae0b000 	C:\Windows\System32\GDI32.dll
0x00007ffa5a030000 - 0x00007ffa5a149000 	C:\Windows\System32\gdi32full.dll
0x00007ffa59f90000 - 0x00007ffa5a02d000 	C:\Windows\System32\msvcp_win.dll
0x00007ffa4bc60000 - 0x00007ffa4befb000 	C:\Windows\WinSxS\amd64_microsoft.windows.common-controls_6595b64144ccf1df_6.0.19041.6456_none_60b8a6cb71f64256\COMCTL32.dll
0x00007ffa52e80000 - 0x00007ffa52e8a000 	C:\Windows\SYSTEM32\VERSION.dll
0x00007ffa5a950000 - 0x00007ffa5a97f000 	C:\Windows\System32\IMM32.DLL
0x00007ffa3bd30000 - 0x00007ffa3bd3c000 	C:\Program Files\Java\jdk-17\bin\vcruntime140_1.dll
0x00007ffa2f810000 - 0x00007ffa2f89e000 	C:\Program Files\Java\jdk-17\bin\msvcp140.dll
0x00007ff9f02a0000 - 0x00007ff9f0e80000 	C:\Program Files\Java\jdk-17\bin\server\jvm.dll
0x00007ffa5a580000 - 0x00007ffa5a588000 	C:\Windows\System32\PSAPI.DLL
0x00007ffa4c520000 - 0x00007ffa4c547000 	C:\Windows\SYSTEM32\WINMM.dll
0x00007ffa4b110000 - 0x00007ffa4b119000 	C:\Windows\SYSTEM32\WSOCK32.dll
0x00007ffa5c0d0000 - 0x00007ffa5c13b000 	C:\Windows\System32\WS2_32.dll
0x00007ffa57750000 - 0x00007ffa57762000 	C:\Windows\SYSTEM32\kernel.appcore.dll
0x00007ffa39830000 - 0x00007ffa3983a000 	C:\Program Files\Java\jdk-17\bin\jimage.dll
0x00007ffa51f70000 - 0x00007ffa52171000 	C:\Windows\SYSTEM32\DBGHELP.DLL
0x00007ffa51950000 - 0x00007ffa51984000 	C:\Windows\SYSTEM32\dbgcore.DLL
0x00007ffa59920000 - 0x00007ffa599a2000 	C:\Windows\System32\bcryptPrimitives.dll
0x00007ffa30050000 - 0x00007ffa30075000 	C:\Program Files\Java\jdk-17\bin\java.dll
0x00007ffa2b150000 - 0x00007ffa2b227000 	C:\Program Files\Java\jdk-17\bin\jsvml.dll
0x00007ffa5b6b0000 - 0x00007ffa5be20000 	C:\Windows\System32\SHELL32.dll
0x00007ffa57950000 - 0x00007ffa580f5000 	C:\Windows\SYSTEM32\windows.storage.dll
0x00007ffa5a5f0000 - 0x00007ffa5a944000 	C:\Windows\System32\combase.dll
0x00007ffa59190000 - 0x00007ffa591bb000 	C:\Windows\SYSTEM32\Wldp.dll
0x00007ffa5a2b0000 - 0x00007ffa5a37d000 	C:\Windows\System32\OLEAUT32.dll
0x00007ffa5c140000 - 0x00007ffa5c1ed000 	C:\Windows\System32\SHCORE.dll
0x00007ffa5aab0000 - 0x00007ffa5ab0b000 	C:\Windows\System32\shlwapi.dll
0x00007ffa59850000 - 0x00007ffa59874000 	C:\Windows\SYSTEM32\profapi.dll
0x00007ffa2fba0000 - 0x00007ffa2fbb9000 	C:\Program Files\Java\jdk-17\bin\net.dll
0x00007ffa51b40000 - 0x00007ffa51c4a000 	C:\Windows\SYSTEM32\WINHTTP.dll
0x00007ffa58f70000 - 0x00007ffa58fda000 	C:\Windows\system32\mswsock.dll
0x00007ffa2fad0000 - 0x00007ffa2fae6000 	C:\Program Files\Java\jdk-17\bin\nio.dll
0x00007ffa2fab0000 - 0x00007ffa2fac8000 	C:\Program Files\Java\jdk-17\bin\zip.dll
0x00007ffa38fe0000 - 0x00007ffa38fea000 	C:\Program Files\Java\jdk-17\bin\management.dll
0x00007ffa33380000 - 0x00007ffa3338b000 	C:\Program Files\Java\jdk-17\bin\management_ext.dll
0x00007ffa3d100000 - 0x00007ffa3d117000 	C:\Windows\system32\napinsp.dll
0x00007ffa3d0e0000 - 0x00007ffa3d0fb000 	C:\Windows\system32\pnrpnsp.dll
0x00007ffa3d0c0000 - 0x00007ffa3d0dd000 	C:\Windows\system32\wshbth.dll
0x00007ffa54f60000 - 0x00007ffa54f7d000 	C:\Windows\system32\NLAapi.dll
0x00007ffa58c70000 - 0x00007ffa58cab000 	C:\Windows\SYSTEM32\IPHLPAPI.DLL
0x00007ffa58cb0000 - 0x00007ffa58d7a000 	C:\Windows\SYSTEM32\DNSAPI.dll
0x00007ffa5aaa0000 - 0x00007ffa5aaa8000 	C:\Windows\System32\NSI.dll
0x00007ffa3d0a0000 - 0x00007ffa3d0b2000 	C:\Windows\System32\winrnr.dll
0x00007ffa4b960000 - 0x00007ffa4b96a000 	C:\Windows\System32\rasadhlp.dll
0x00007ffa4ffd0000 - 0x00007ffa50050000 	C:\Windows\System32\fwpuclnt.dll
0x00007ffa591d0000 - 0x00007ffa591e8000 	C:\Windows\SYSTEM32\CRYPTSP.dll
0x00007ffa588b0000 - 0x00007ffa588e8000 	C:\Windows\system32\rsaenh.dll
0x00007ffa597d0000 - 0x00007ffa597fe000 	C:\Windows\SYSTEM32\USERENV.dll
0x00007ffa59100000 - 0x00007ffa5910c000 	C:\Windows\SYSTEM32\CRYPTBASE.dll
0x00007ffa52700000 - 0x00007ffa52717000 	C:\Windows\SYSTEM32\dhcpcsvc6.DLL
0x00007ffa52d60000 - 0x00007ffa52d7d000 	C:\Windows\SYSTEM32\dhcpcsvc.DLL
0x00007ffa33340000 - 0x00007ffa33350000 	C:\Program Files\Java\jdk-17\bin\verify.dll
0x00007ffa315b0000 - 0x00007ffa315be000 	C:\Program Files\Java\jdk-17\bin\sunmscapi.dll
0x00007ffa59d00000 - 0x00007ffa59e5d000 	C:\Windows\System32\CRYPT32.dll
0x00007ffa59350000 - 0x00007ffa59377000 	C:\Windows\SYSTEM32\ncrypt.dll
0x00007ffa592a0000 - 0x00007ffa592db000 	C:\Windows\SYSTEM32\NTASN1.dll
0x00007ffa2f9d0000 - 0x00007ffa2f9e7000 	C:\Hadoop\winutils-master\hadoop-3.3.6\bin\hadoop.dll
0x00007ffa4a4f0000 - 0x00007ffa4a509000 	C:\Windows\SYSTEM32\NETAPI32.dll
0x00007ffa585d0000 - 0x00007ffa5861f000 	C:\Windows\SYSTEM32\AUTHZ.dll
0x00007ffa52720000 - 0x00007ffa52739000 	C:\Windows\SYSTEM32\SAMCLI.DLL
0x00007ffa58d80000 - 0x00007ffa58d8c000 	C:\Windows\SYSTEM32\NETUTILS.DLL
0x00007ffa30690000 - 0x00007ffa30699000 	C:\Program Files\Java\jdk-17\bin\jaas.dll
0x00007ffa31d00000 - 0x00007ffa31d07000 	C:\Windows\system32\wshunix.dll
0x00007ffa58b00000 - 0x00007ffa58b33000 	C:\Windows\SYSTEM32\ntmarta.dll
0x0000000066f40000 - 0x0000000066fc4000 	C:\Users\Dell\AppData\Local\Temp\liblz4-java-6713235969065588617.so

dbghelp: loaded successfully - version: 4.0.5 - missing functions: none
symbol engine: initialized successfully - sym options: 0x614 - pdb path: .;C:\Program Files\Java\jdk-17\bin;C:\Windows\SYSTEM32;C:\Program Files\Avast Software\Avast;C:\Windows\WinSxS\amd64_microsoft.windows.common-controls_6595b64144ccf1df_6.0.19041.6456_none_60b8a6cb71f64256;C:\Program Files\Java\jdk-17\bin\server;C:\Hadoop\winutils-master\hadoop-3.3.6\bin;C:\Users\Dell\AppData\Local\Temp

VM Arguments:
jvm_args: -Xmx1g -XX:+IgnoreUnrecognizedVMOptions --add-opens=java.base/java.lang=ALL-UNNAMED --add-opens=java.base/java.lang.invoke=ALL-UNNAMED --add-opens=java.base/java.lang.reflect=ALL-UNNAMED --add-opens=java.base/java.io=ALL-UNNAMED --add-opens=java.base/java.net=ALL-UNNAMED --add-opens=java.base/java.nio=ALL-UNNAMED --add-opens=java.base/java.util=ALL-UNNAMED --add-opens=java.base/java.util.concurrent=ALL-UNNAMED --add-opens=java.base/java.util.concurrent.atomic=ALL-UNNAMED --add-opens=java.base/jdk.internal.ref=ALL-UNNAMED --add-opens=java.base/sun.nio.ch=ALL-UNNAMED --add-opens=java.base/sun.nio.cs=ALL-UNNAMED --add-opens=java.base/sun.security.action=ALL-UNNAMED --add-opens=java.base/sun.util.calendar=ALL-UNNAMED --add-opens=java.security.jgss/sun.security.krb5=ALL-UNNAMED -Djdk.reflect.useDirectMethodHandle=false 
java_command: org.apache.spark.deploy.SparkSubmit --conf spark.sql.extensions=io.delta.sql.DeltaSparkSessionExtension --conf spark.jars.packages=io.delta:delta-spark_2.12:3.2.1 --conf spark.sql.catalog.spark_catalog=org.apache.spark.sql.delta.catalog.DeltaCatalog --conf spark.app.name=NebulaWind-Orion pyspark-shell
java_class_path (initial): C:\spark\spark-3.5.1-bin-hadoop3\bin\..\conf\;C:\spark\spark-3.5.1-bin-hadoop3\jars\activation-1.1.1.jar;C:\spark\spark-3.5.1-bin-hadoop3\jars\aircompressor-0.26.jar;C:\spark\spark-3.5.1-bin-hadoop3\jars\algebra_2.12-2.0.1.jar;C:\spark\spark-3.5.1-bin-hadoop3\jars\annotations-17.0.0.jar;C:\spark\spark-3.5.1-bin-hadoop3\jars\antlr-runtime-3.5.2.jar;C:\spark\spark-3.5.1-bin-hadoop3\jars\antlr4-runtime-4.9.3.jar;C:\spark\spark-3.5.1-bin-hadoop3\jars\aopalliance-repackaged-2.6.1.jar;C:\spark\spark-3.5.1-bin-hadoop3\jars\arpack-3.0.3.jar;C:\spark\spark-3.5.1-bin-hadoop3\jars\arpack_combined_all-0.1.jar;C:\spark\spark-3.5.1-bin-hadoop3\jars\arrow-format-12.0.1.jar;C:\spark\spark-3.5.1-bin-hadoop3\jars\arrow-memory-core-12.0.1.jar;C:\spark\spark-3.5.1-bin-hadoop3\jars\arrow-memory-netty-12.0.1.jar;C:\spark\spark-3.5.1-bin-hadoop3\jars\arrow-vector-12.0.1.jar;C:\spark\spark-3.5.1-bin-hadoop3\jars\audience-annotations-0.5.0.jar;C:\spark\spark-3.5.1-bin-hadoop3\jars\avro-1.11.2.jar;C:\spark\spark-3.5.1-bin-hadoop3\jars\avro-ipc-1.11.2.jar;C:\spark\spark-3.5.1-bin-hadoop3\jars\avro-mapred-1.11.2.jar;C:\spark\spark-3.5.1-bin-hadoop3\jars\blas-3.0.3.jar;C:\spark\spark-3.5.1-bin-hadoop3\jars\bonecp-0.8.0.RELEASE.jar;C:\spark\spark-3.5.1-bin-hadoop3\jars\breeze-macros_2.12-2.1.0.jar;C:\spark\spark-3.5.1-bin-hadoop3\jars\breeze_2.12-2.1.0.jar;C:\spark\spark-3.5.1-bin-hadoop3\jars\cats-kernel_2.12-2.1.1.jar;C:\spark\spark-3.5.1-bin-hadoop3\jars\chill-java-0.10.0.jar;C:\spark\spark-3.5.1-bin-hadoop3\jars\chill_2.12-0.10.0.jar;C:\spark\spark-3.5.1-bin-hadoop3\jars\commons-cli-1.5.0.jar;C:\spark\spark-3.5.1-bin-hadoop3\jars\commons-codec-1.16.0.jar;C:\spark\spark-3.5.1-bin-hadoop3\jars\commons-collections-3.2.2.jar;C:\spark\spark-3.5.1-bin-hadoop3\jars\commons-collections4-4.4.jar;C:\spark\spark-3.5.1-bin-hadoop3\jars\commons-compiler-3.1.9.jar;C:\spark\spark-3.5.1-bin-hadoop3\jars\commons-compress-1.23.0.jar;C:\spark\spark-3.5.1-bin-hadoop3\jars\commons-cr
Launcher Type: SUN_STANDARD

[Global flags]
     intx CICompilerCount                          = 3                                         {product} {ergonomic}
     uint ConcGCThreads                            = 1                                         {product} {ergonomic}
     uint G1ConcRefinementThreads                  = 4                                         {product} {ergonomic}
   size_t G1HeapRegionSize                         = 1048576                                   {product} {ergonomic}
    uintx GCDrainStackTargetSize                   = 64                                        {product} {ergonomic}
     bool IgnoreUnrecognizedVMOptions              = true                                      {product} {command line}
   size_t InitialHeapSize                          = 268435456                                 {product} {ergonomic}
   size_t MarkStackSize                            = 4194304                                   {product} {ergonomic}
   size_t MaxHeapSize                              = 1073741824                                {product} {command line}
   size_t MaxNewSize                               = 643825664                                 {product} {ergonomic}
   size_t MinHeapDeltaBytes                        = 1048576                                   {product} {ergonomic}
   size_t MinHeapSize                              = 8388608                                   {product} {ergonomic}
    uintx NonNMethodCodeHeapSize                   = 5832780                                {pd product} {ergonomic}
    uintx NonProfiledCodeHeapSize                  = 122912730                              {pd product} {ergonomic}
    uintx ProfiledCodeHeapSize                     = 122912730                              {pd product} {ergonomic}
    uintx ReservedCodeCacheSize                    = 251658240                              {pd product} {ergonomic}
     bool SegmentedCodeCache                       = true                                      {product} {ergonomic}
   size_t SoftMaxHeapSize                          = 1073741824                             {manageable} {ergonomic}
     bool UseCompressedClassPointers               = true                           {product lp64_product} {ergonomic}
     bool UseCompressedOops                        = true                           {product lp64_product} {ergonomic}
     bool UseG1GC                                  = true                                      {product} {ergonomic}
     bool UseLargePagesIndividualAllocation        = false                                  {pd product} {ergonomic}

Logging:
Log output configuration:
 #0: stdout all=warning uptime,level,tags
 #1: stderr all=off uptime,level,tags

Environment Variables:
PATH=C:\Users\Dell\Downloads\NebulaWind_95\.venv/Scripts;C:\Program Files\Microsoft SDKs\Azure\CLI2\wbin;C:\Program Files\Common Files\Oracle\Java\javapath;C:\Program Files (x86)\Intel\iCLS Client\;C:\Program Files\Intel\iCLS Client\;C:\Windows\system32;C:\Windows;C:\Windows\System32\Wbem;C:\Windows\System32\WindowsPowerShell\v1.0\;C:\Windows\System32\OpenSSH\;C:\Program Files (x86)\Intel\Intel(R) Management Engine Components\DAL;C:\Program Files\Intel\Intel(R) Management Engine Components\DAL;C:\Program Files (x86)\Intel\Intel(R) Management Engine Components\IPT;C:\Program Files\Intel\Intel(R) Management Engine Components\IPT;C:\Program Files\Java\jdk-17\bin;C:\spark\spark-3.5.1-bin-hadoop3\bin;C:\Hadoop\winutils-master\hadoop-3.3.6\bin;C:\Program Files\Docker\Docker\resources\bin;C:\Program Files\PuTTY\;C:\Program Files\Git\cmd;C:\Program Files\nodejs\;C:\scala-2.12.18\scala-2.12.18\bin;C:\spark\spark-3.5.1-bin-hadoop3\bin;C:\spark\spark-3.5.1-bin-hadoop3\jars;C:\spark\spark-3.5.1-bin-hadoop3\sbin;C:\Terraform\terraform_1.11.1_windows_amd64;C:\Users\Dell\AppData\Local\Google\Cloud SDK\google-cloud-sdk\bin;C:\Users\Dell\Downloads\spark-3.5.5-bin-hadoop3\spark-3.5.5-bin-hadoop3\bin;C:\Program Files\MySQL\MySQL Server 8.0\bin;C:\Users\Dell\AppData\Local\Programs\Python\Python313\Scripts\;C:\Users\Dell\AppData\Local\Programs\Python\Python313\;C:\Program Files\MySQL\MySQL Shell 8.0\bin\;C:\Users\Dell\AppData\Local\Microsoft\WindowsApps;C:\Users\Dell\AppData\Local\Programs\Microsoft VS Code\bin;C:\Users\Dell\AppData\Roaming\npm;C:\Program Files\JetBrains\PyCharm 2024.3.1.1\bin;
USERNAME=Dell
OS=Windows_NT
PROCESSOR_IDENTIFIER=Intel64 Family 6 Model 69 Stepping 1, GenuineIntel



---------------  S Y S T E M  ---------------

OS:
 Windows 10 , 64 bit Build 19041 (10.0.19041.5915)
OS uptime: 5 days 5:55 hours
Hyper-V role detected

CPU: total 4 (initial active 4) (2 cores per cpu, 2 threads per core) family 6 model 69 stepping 1 microcode 0x25, cx8, cmov, fxsr, ht, mmx, sse, sse2, sse3, ssse3, sse4.1, sse4.2, popcnt, lzcnt, tsc, tscinvbit, avx, avx2, aes, erms, clmul, bmi1, bmi2, fma, vzeroupper, clflush, hv

Memory: 4k page, system-wide physical 16288M (2507M free)
TotalPageFile size 16288M (AvailPageFile size 13M)
current process WorkingSet (physical memory assigned to process): 435M, peak: 435M
current process commit charge ("private bytes"): 725M, peak: 727M

vm_info: Java HotSpot(TM) 64-Bit Server VM (17.0.11+7-LTS-207) for windows-amd64 JRE (17.0.11+7-LTS-207), built on Mar 11 2024 19:01:50 by "mach5one" with MS VC++ 17.6 (VS2022)

END.
